

================================================================
== Vivado HLS Report for 'dut'
================================================================
* Date:           Mon Dec  2 23:20:58 2024

* Version:        2019.2 (Build 2704478 on Wed Nov 06 22:10:23 MST 2019)
* Project:        superres.prj
* Solution:       solution1
* Product family: zynq
* Target device:  xc7z020-clg484-1


================================================================
== Performance Estimates
================================================================
+ Timing: 
    * Summary: 
    +--------+----------+----------+------------+
    |  Clock |  Target  | Estimated| Uncertainty|
    +--------+----------+----------+------------+
    |ap_clk  | 10.00 ns | 8.685 ns |   1.25 ns  |
    +--------+----------+----------+------------+

+ Latency: 
    * Summary: 
    +---------+---------+-----------+-----------+---------+---------+---------+
    |  Latency (cycles) |   Latency (absolute)  |      Interval     | Pipeline|
    |   min   |   max   |    min    |    max    |   min   |   max   |   Type  |
    +---------+---------+-----------+-----------+---------+---------+---------+
    |  1497423|  1497423| 14.974 ms | 14.974 ms |  1497423|  1497423|   none  |
    +---------+---------+-----------+-----------+---------+---------+---------+

    + Detail: 
        * Instance: 
        +-------------------------------+--------------------+---------+---------+----------+----------+--------+--------+---------+
        |                               |                    |  Latency (cycles) |  Latency (absolute) |     Interval    | Pipeline|
        |            Instance           |       Module       |   min   |   max   |    min   |    max   |   min  |   max  |   Type  |
        +-------------------------------+--------------------+---------+---------+----------+----------+--------+--------+---------+
        |grp_convolve_40_40_5_s_fu_191  |convolve_40_40_5_s  |   457788|   457788| 4.578 ms | 4.578 ms |  457788|  457788|   none  |
        |grp_relu_40_40_s_fu_198        |relu_40_40_s        |    32081|    32081| 0.321 ms | 0.321 ms |   32081|   32081|   none  |
        |grp_upsample_20_20_2_s_fu_203  |upsample_20_20_2_s  |    12881|    12881| 0.129 ms | 0.129 ms |   12881|   12881|   none  |
        +-------------------------------+--------------------+---------+---------+----------+----------+--------+--------+---------+

        * Loop: 
        +-----------------+---------+---------+----------+-----------+-----------+------+----------+
        |                 |  Latency (cycles) | Iteration|  Initiation Interval  | Trip |          |
        |    Loop Name    |   min   |   max   |  Latency |  achieved |   target  | Count| Pipelined|
        +-----------------+---------+---------+----------+-----------+-----------+------+----------+
        |- Loop 1         |     2040|     2040|       102|          -|          -|    20|    no    |
        | + Loop 1.1      |      100|      100|         5|          -|          -|    20|    no    |
        |  ++ Loop 1.1.1  |        3|        3|         1|          -|          -|     3|    no    |
        |- Loop 2         |    12880|    12880|       322|          -|          -|    40|    no    |
        | + Loop 2.1      |      320|      320|         8|          -|          -|    40|    no    |
        |  ++ Loop 2.1.1  |        6|        6|         2|          -|          -|     3|    no    |
        +-----------------+---------+---------+----------+-----------+-----------+------+----------+



================================================================
== Utilization Estimates
================================================================
* Summary: 
+-----------------+---------+-------+--------+-------+-----+
|       Name      | BRAM_18K| DSP48E|   FF   |  LUT  | URAM|
+-----------------+---------+-------+--------+-------+-----+
|DSP              |        -|      -|       -|      -|    -|
|Expression       |        -|      -|       0|    256|    -|
|FIFO             |        -|      -|       -|      -|    -|
|Instance         |       16|     10|    1676|   3321|    0|
|Memory           |       20|      -|       0|      0|    0|
|Multiplexer      |        -|      -|       -|    309|    -|
|Register         |        -|      -|     117|      -|    -|
+-----------------+---------+-------+--------+-------+-----+
|Total            |       36|     10|    1793|   3886|    0|
+-----------------+---------+-------+--------+-------+-----+
|Available        |      280|    220|  106400|  53200|    0|
+-----------------+---------+-------+--------+-------+-----+
|Utilization (%)  |       12|      4|       1|      7|    0|
+-----------------+---------+-------+--------+-------+-----+

+ Detail: 
    * Instance: 
    +-------------------------------+--------------------+---------+-------+------+------+-----+
    |            Instance           |       Module       | BRAM_18K| DSP48E|  FF  |  LUT | URAM|
    +-------------------------------+--------------------+---------+-------+------+------+-----+
    |grp_convolve_40_40_5_s_fu_191  |convolve_40_40_5_s  |       16|     10|  1351|  2442|    0|
    |grp_relu_40_40_s_fu_198        |relu_40_40_s        |        0|      0|   235|   635|    0|
    |grp_upsample_20_20_2_s_fu_203  |upsample_20_20_2_s  |        0|      0|    90|   244|    0|
    +-------------------------------+--------------------+---------+-------+------+------+-----+
    |Total                          |                    |       16|     10|  1676|  3321|    0|
    +-------------------------------+--------------------+---------+-------+------+------+-----+

    * DSP48E: 
    N/A

    * Memory: 
    +-----------------------+----------------------+---------+---+----+-----+------+-----+------+-------------+
    |         Memory        |        Module        | BRAM_18K| FF| LUT| URAM| Words| Bits| Banks| W*Bits*Banks|
    +-----------------------+----------------------+---------+---+----+-----+------+-----+------+-------------+
    |output_image_assign_U  |convolve_40_40_5_cud  |       16|  0|   0|    0|  4800|   32|     1|       153600|
    |input_image_U          |dut_input_image       |        4|  0|   0|    0|  1200|   32|     1|        38400|
    +-----------------------+----------------------+---------+---+----+-----+------+-----+------+-------------+
    |Total                  |                      |       20|  0|   0|    0|  6000|   64|     2|       192000|
    +-----------------------+----------------------+---------+---+----+-----+------+-----+------+-------------+

    * FIFO: 
    N/A

    * Expression: 
    +-----------------------+----------+-------+---+----+------------+------------+
    |     Variable Name     | Operation| DSP48E| FF| LUT| Bitwidth P0| Bitwidth P1|
    +-----------------------+----------+-------+---+----+------------+------------+
    |add_ln27_1_fu_267_p2   |     +    |      0|  0|  14|          10|          10|
    |add_ln27_2_fu_311_p2   |     +    |      0|  0|  12|          12|          12|
    |add_ln27_fu_245_p2     |     +    |      0|  0|  14|          10|          10|
    |add_ln33_1_fu_379_p2   |     +    |      0|  0|  12|          12|          12|
    |add_ln33_2_fu_418_p2   |     +    |      0|  0|  19|          14|          14|
    |add_ln33_fu_357_p2     |     +    |      0|  0|  12|          12|          12|
    |c_1_fu_369_p2          |     +    |      0|  0|  15|           6|           1|
    |c_fu_257_p2            |     +    |      0|  0|  15|           5|           1|
    |chan_1_fu_408_p2       |     +    |      0|  0|  10|           2|           1|
    |chan_fu_296_p2         |     +    |      0|  0|  10|           2|           1|
    |r_1_fu_327_p2          |     +    |      0|  0|  15|           6|           1|
    |r_fu_215_p2            |     +    |      0|  0|  15|           5|           1|
    |sub_ln27_fu_284_p2     |     -    |      0|  0|  12|          12|          12|
    |sub_ln33_fu_396_p2     |     -    |      0|  0|  19|          14|          14|
    |ap_block_state4        |    and   |      0|  0|   2|           1|           1|
    |icmp_ln25_1_fu_251_p2  |   icmp   |      0|  0|  11|           5|           5|
    |icmp_ln25_2_fu_290_p2  |   icmp   |      0|  0|   8|           2|           2|
    |icmp_ln25_fu_209_p2    |   icmp   |      0|  0|  11|           5|           5|
    |icmp_ln32_1_fu_363_p2  |   icmp   |      0|  0|  11|           6|           6|
    |icmp_ln32_2_fu_402_p2  |   icmp   |      0|  0|   8|           2|           2|
    |icmp_ln32_fu_321_p2    |   icmp   |      0|  0|  11|           6|           6|
    +-----------------------+----------+-------+---+----+------------+------------+
    |Total                  |          |      0|  0| 256|         149|         129|
    +-----------------------+----------+-------+---+----+------------+------------+

    * Multiplexer: 
    +------------------------------+-----+-----------+-----+-----------+
    |             Name             | LUT | Input Size| Bits| Total Bits|
    +------------------------------+-----+-----------+-----+-----------+
    |ap_NS_fsm                     |  105|         22|    1|         22|
    |c2_0_reg_169                  |    9|          2|    6|         12|
    |c_0_reg_136                   |    9|          2|    5|         10|
    |chan3_0_reg_180               |    9|          2|    2|          4|
    |chan_0_reg_147                |    9|          2|    2|          4|
    |input_image_address0          |   15|          3|   11|         33|
    |input_image_ce0               |   15|          3|    1|          3|
    |output_image_assign_address0  |   27|          5|   13|         65|
    |output_image_assign_ce0       |   27|          5|    1|          5|
    |output_image_assign_ce1       |    9|          2|    1|          2|
    |output_image_assign_d0        |   15|          3|   32|         96|
    |output_image_assign_we0       |   15|          3|    1|          3|
    |output_image_assign_we1       |    9|          2|    1|          2|
    |r1_0_reg_158                  |    9|          2|    6|         12|
    |r_0_reg_125                   |    9|          2|    5|         10|
    |strm_in_V_V_blk_n             |    9|          2|    1|          2|
    |strm_out_V_V_blk_n            |    9|          2|    1|          2|
    +------------------------------+-----+-----------+-----+-----------+
    |Total                         |  309|         64|   90|        287|
    +------------------------------+-----+-----------+-----+-----------+

    * Register: 
    +--------------------------------------------+----+----+-----+-----------+
    |                    Name                    | FF | LUT| Bits| Const Bits|
    +--------------------------------------------+----+----+-----+-----------+
    |add_ln27_reg_441                            |   8|   0|   10|          2|
    |add_ln33_reg_475                            |   9|   0|   12|          3|
    |ap_CS_fsm                                   |  21|   0|   21|          0|
    |c2_0_reg_169                                |   6|   0|    6|          0|
    |c_0_reg_136                                 |   5|   0|    5|          0|
    |c_1_reg_483                                 |   6|   0|    6|          0|
    |c_reg_449                                   |   5|   0|    5|          0|
    |chan3_0_reg_180                             |   2|   0|    2|          0|
    |chan_0_reg_147                              |   2|   0|    2|          0|
    |chan_1_reg_496                              |   2|   0|    2|          0|
    |grp_convolve_40_40_5_s_fu_191_ap_start_reg  |   1|   0|    1|          0|
    |grp_relu_40_40_s_fu_198_ap_start_reg        |   1|   0|    1|          0|
    |grp_upsample_20_20_2_s_fu_203_ap_start_reg  |   1|   0|    1|          0|
    |r1_0_reg_158                                |   6|   0|    6|          0|
    |r_0_reg_125                                 |   5|   0|    5|          0|
    |r_1_reg_470                                 |   6|   0|    6|          0|
    |r_reg_436                                   |   5|   0|    5|          0|
    |sub_ln27_reg_454                            |  12|   0|   12|          0|
    |sub_ln33_reg_488                            |  14|   0|   14|          0|
    +--------------------------------------------+----+----+-----+-----------+
    |Total                                       | 117|   0|  122|          5|
    +--------------------------------------------+----+----+-----+-----------+



================================================================
== Interface
================================================================
* Summary: 
+---------------------+-----+-----+------------+--------------+--------------+
|      RTL Ports      | Dir | Bits|  Protocol  | Source Object|    C Type    |
+---------------------+-----+-----+------------+--------------+--------------+
|ap_clk               |  in |    1| ap_ctrl_hs |      dut     | return value |
|ap_rst               |  in |    1| ap_ctrl_hs |      dut     | return value |
|ap_start             |  in |    1| ap_ctrl_hs |      dut     | return value |
|ap_done              | out |    1| ap_ctrl_hs |      dut     | return value |
|ap_idle              | out |    1| ap_ctrl_hs |      dut     | return value |
|ap_ready             | out |    1| ap_ctrl_hs |      dut     | return value |
|strm_in_V_V_dout     |  in |   32|   ap_fifo  |  strm_in_V_V |    pointer   |
|strm_in_V_V_empty_n  |  in |    1|   ap_fifo  |  strm_in_V_V |    pointer   |
|strm_in_V_V_read     | out |    1|   ap_fifo  |  strm_in_V_V |    pointer   |
|strm_out_V_V_din     | out |   32|   ap_fifo  | strm_out_V_V |    pointer   |
|strm_out_V_V_full_n  |  in |    1|   ap_fifo  | strm_out_V_V |    pointer   |
|strm_out_V_V_write   | out |    1|   ap_fifo  | strm_out_V_V |    pointer   |
+---------------------+-----+-----+------------+--------------+--------------+

