

================================================================
== Vivado HLS Report for 'dut'
================================================================
* Date:           Thu Dec 12 19:51:28 2024

* Version:        2019.2 (Build 2704478 on Wed Nov 06 22:10:23 MST 2019)
* Project:        superres.prj
* Solution:       solution1
* Product family: zynq
* Target device:  xc7z020-clg484-1


================================================================
== Performance Estimates
================================================================
+ Timing: 
    * Summary: 
    +--------+----------+----------+------------+
    |  Clock |  Target  | Estimated| Uncertainty|
    +--------+----------+----------+------------+
    |ap_clk  | 10.00 ns | 8.510 ns |   1.25 ns  |
    +--------+----------+----------+------------+

+ Latency: 
    * Summary: 
    +---------+---------+----------+-----------+--------+---------+----------+
    |  Latency (cycles) |  Latency (absolute)  |     Interval     | Pipeline |
    |   min   |   max   |    min   |    max    |   min  |   max   |   Type   |
    +---------+---------+----------+-----------+--------+---------+----------+
    |   813918|  1632610| 8.139 ms | 16.326 ms |  813911|  1632603| dataflow |
    +---------+---------+----------+-----------+--------+---------+----------+

    + Detail: 
        * Instance: 
        +--------------------+-----------------+---------+---------+----------+-----------+--------+---------+----------+
        |                    |                 |  Latency (cycles) |  Latency (absolute)  |     Interval     | Pipeline |
        |      Instance      |      Module     |   min   |   max   |    min   |    max    |   min  |   max   |   Type   |
        +--------------------+-----------------+---------+---------+----------+-----------+--------+---------+----------+
        |superres_xcel56_U0  |superres_xcel56  |   813915|  1632607| 8.139 ms | 16.326 ms |  813911|  1632603| dataflow |
        |superres_xcel57_U0  |superres_xcel57  |   813915|  1632607| 8.139 ms | 16.326 ms |  813911|  1632603| dataflow |
        |superres_xcel_U0    |superres_xcel    |   813915|  1632607| 8.139 ms | 16.326 ms |  813911|  1632603| dataflow |
        |write_vals_U0       |write_vals       |   106409|   106409| 1.064 ms |  1.064 ms |  106409|   106409|   none   |
        |send_vals_U0        |send_vals        |    30201|    30201| 0.302 ms |  0.302 ms |   30201|    30201|   none   |
        +--------------------+-----------------+---------+---------+----------+-----------+--------+---------+----------+

        * Loop: 
        N/A



================================================================
== Utilization Estimates
================================================================
* Summary: 
+-----------------+---------+-------+--------+-------+-----+
|       Name      | BRAM_18K| DSP48E|   FF   |  LUT  | URAM|
+-----------------+---------+-------+--------+-------+-----+
|DSP              |        -|      -|       -|      -|    -|
|Expression       |        -|      -|       0|      4|    -|
|FIFO             |       24|      -|     402|    672|    -|
|Instance         |       84|    180|   52258|  33375|    0|
|Memory           |        -|      -|       -|      -|    -|
|Multiplexer      |        -|      -|       -|      -|    -|
|Register         |        -|      -|       -|      -|    -|
+-----------------+---------+-------+--------+-------+-----+
|Total            |      108|    180|   52660|  34051|    0|
+-----------------+---------+-------+--------+-------+-----+
|Available        |      280|    220|  106400|  53200|    0|
+-----------------+---------+-------+--------+-------+-----+
|Utilization (%)  |       38|     81|      49|     64|    0|
+-----------------+---------+-------+--------+-------+-----+

+ Detail: 
    * Instance: 
    +--------------------+-----------------+---------+-------+-------+-------+-----+
    |      Instance      |      Module     | BRAM_18K| DSP48E|   FF  |  LUT  | URAM|
    +--------------------+-----------------+---------+-------+-------+-------+-----+
    |send_vals_U0        |send_vals        |        0|      0|     99|    163|    0|
    |superres_xcel_U0    |superres_xcel    |       28|     60|  17352|  11010|    0|
    |superres_xcel56_U0  |superres_xcel56  |       28|     60|  17353|  11019|    0|
    |superres_xcel57_U0  |superres_xcel57  |       28|     60|  17352|  11010|    0|
    |write_vals_U0       |write_vals       |        0|      0|    102|    173|    0|
    +--------------------+-----------------+---------+-------+-------+-------+-----+
    |Total               |                 |       84|    180|  52258|  33375|    0|
    +--------------------+-----------------+---------+-------+-------+-------+-----+

    * DSP48E: 
    N/A

    * Memory: 
    N/A

    * FIFO: 
    +---------------------+---------+----+----+-----+------+-----+---------+
    |         Name        | BRAM_18K| FF | LUT| URAM| Depth| Bits| Size:D*B|
    +---------------------+---------+----+----+-----+------+-----+---------+
    |superres_in0_V_V_U   |        4|  67|   0|    -|  1200|   32|    38400|
    |superres_in1_V_V_U   |        4|  67|   0|    -|  1200|   32|    38400|
    |superres_in2_V_V_U   |        4|  67|   0|    -|  1200|   32|    38400|
    |superres_out0_V_V_U  |        4|  67|   0|    -|  1200|   32|    38400|
    |superres_out1_V_V_U  |        4|  67|   0|    -|  1200|   32|    38400|
    |superres_out2_V_V_U  |        4|  67|   0|    -|  1200|   32|    38400|
    +---------------------+---------+----+----+-----+------+-----+---------+
    |Total                |       24| 402|   0|    0|  7200|  192|   230400|
    +---------------------+---------+----+----+-----+------+-----+---------+

    * Expression: 
    +---------------------------+----------+-------+---+----+------------+------------+
    |       Variable Name       | Operation| DSP48E| FF| LUT| Bitwidth P0| Bitwidth P1|
    +---------------------------+----------+-------+---+----+------------+------------+
    |ap_idle                    |    and   |      0|  0|   2|           1|           1|
    |send_vals_U0_start_full_n  |    and   |      0|  0|   2|           1|           1|
    +---------------------------+----------+-------+---+----+------------+------------+
    |Total                      |          |      0|  0|   4|           2|           2|
    +---------------------------+----------+-------+---+----+------------+------------+

    * Multiplexer: 
    N/A

    * Register: 
    N/A



================================================================
== Interface
================================================================
* Summary: 
+---------------------+-----+-----+------------+--------------+--------------+
|      RTL Ports      | Dir | Bits|  Protocol  | Source Object|    C Type    |
+---------------------+-----+-----+------------+--------------+--------------+
|strm_in_V_V_dout     |  in |   32|   ap_fifo  |  strm_in_V_V |    pointer   |
|strm_in_V_V_empty_n  |  in |    1|   ap_fifo  |  strm_in_V_V |    pointer   |
|strm_in_V_V_read     | out |    1|   ap_fifo  |  strm_in_V_V |    pointer   |
|strm_out_V_V_din     | out |   32|   ap_fifo  | strm_out_V_V |    pointer   |
|strm_out_V_V_full_n  |  in |    1|   ap_fifo  | strm_out_V_V |    pointer   |
|strm_out_V_V_write   | out |    1|   ap_fifo  | strm_out_V_V |    pointer   |
|ap_clk               |  in |    1| ap_ctrl_hs |      dut     | return value |
|ap_rst               |  in |    1| ap_ctrl_hs |      dut     | return value |
|ap_start             |  in |    1| ap_ctrl_hs |      dut     | return value |
|ap_done              | out |    1| ap_ctrl_hs |      dut     | return value |
|ap_ready             | out |    1| ap_ctrl_hs |      dut     | return value |
|ap_idle              | out |    1| ap_ctrl_hs |      dut     | return value |
+---------------------+-----+-----+------------+--------------+--------------+

