

================================================================
== Vivado HLS Report for 'superres_xcel57'
================================================================
* Date:           Thu Dec 12 19:51:23 2024

* Version:        2019.2 (Build 2704478 on Wed Nov 06 22:10:23 MST 2019)
* Project:        superres.prj
* Solution:       solution1
* Product family: zynq
* Target device:  xc7z020-clg484-1


================================================================
== Performance Estimates
================================================================
+ Timing: 
    * Summary: 
    +--------+----------+----------+------------+
    |  Clock |  Target  | Estimated| Uncertainty|
    +--------+----------+----------+------------+
    |ap_clk  | 10.00 ns | 8.510 ns |   1.25 ns  |
    +--------+----------+----------+------------+

+ Latency: 
    * Summary: 
    +---------+---------+----------+-----------+--------+---------+----------+
    |  Latency (cycles) |  Latency (absolute)  |     Interval     | Pipeline |
    |   min   |   max   |    min   |    max    |   min  |   max   |   Type   |
    +---------+---------+----------+-----------+--------+---------+----------+
    |   813915|  1632607| 8.139 ms | 16.326 ms |  813911|  1632603| dataflow |
    +---------+---------+----------+-----------+--------+---------+----------+

    + Detail: 
        * Instance: 
        +----------------------+-------------------+---------+---------+----------+-----------+--------+---------+---------+
        |                      |                   |  Latency (cycles) |  Latency (absolute)  |     Interval     | Pipeline|
        |       Instance       |       Module      |   min   |   max   |    min   |    max    |   min  |   max   |   Type  |
        +----------------------+-------------------+---------+---------+----------+-----------+--------+---------+---------+
        |convolve63_U0         |convolve63         |   813910|  1632602| 8.139 ms | 16.326 ms |  813910|  1632602|   none  |
        |convolve64_U0         |convolve64         |   781174|  1567030| 7.812 ms | 15.670 ms |  781174|  1567030|   none  |
        |convolve65_U0         |convolve65         |   749110|  1502802| 7.491 ms | 15.028 ms |  749110|  1502802|   none  |
        |upsample_100_2_62_U0  |upsample_100_2_62  |   110701|   110701| 1.107 ms |  1.107 ms |  110701|   110701|   none  |
        +----------------------+-------------------+---------+---------+----------+-----------+--------+---------+---------+

        * Loop: 
        N/A



================================================================
== Utilization Estimates
================================================================
* Summary: 
+-----------------+---------+-------+--------+-------+-----+
|       Name      | BRAM_18K| DSP48E|   FF   |  LUT  | URAM|
+-----------------+---------+-------+--------+-------+-----+
|DSP              |        -|      -|       -|      -|    -|
|Expression       |        -|      -|       0|      2|    -|
|FIFO             |       12|      -|     201|    336|    -|
|Instance         |       16|     60|   17151|  10672|    0|
|Memory           |        -|      -|       -|      -|    -|
|Multiplexer      |        -|      -|       -|      -|    -|
|Register         |        -|      -|       -|      -|    -|
+-----------------+---------+-------+--------+-------+-----+
|Total            |       28|     60|   17352|  11010|    0|
+-----------------+---------+-------+--------+-------+-----+
|Available        |      280|    220|  106400|  53200|    0|
+-----------------+---------+-------+--------+-------+-----+
|Utilization (%)  |       10|     27|      16|     20|    0|
+-----------------+---------+-------+--------+-------+-----+

+ Detail: 
    * Instance: 
    +----------------------+-------------------+---------+-------+------+------+-----+
    |       Instance       |       Module      | BRAM_18K| DSP48E|  FF  |  LUT | URAM|
    +----------------------+-------------------+---------+-------+------+------+-----+
    |convolve63_U0         |convolve63         |        5|     20|  5690|  3474|    0|
    |convolve64_U0         |convolve64         |        5|     20|  5690|  3474|    0|
    |convolve65_U0         |convolve65         |        5|     20|  5689|  3465|    0|
    |upsample_100_2_62_U0  |upsample_100_2_62  |        1|      0|    82|   259|    0|
    +----------------------+-------------------+---------+-------+------+------+-----+
    |Total                 |                   |       16|     60| 17151| 10672|    0|
    +----------------------+-------------------+---------+-------+------+------+-----+

    * DSP48E: 
    N/A

    * Memory: 
    N/A

    * FIFO: 
    +--------------------+---------+----+----+-----+------+-----+---------+
    |        Name        | BRAM_18K| FF | LUT| URAM| Depth| Bits| Size:D*B|
    +--------------------+---------+----+----+-----+------+-----+---------+
    |layer0_out_V_V_U    |        4|  67|   0|    -|  1200|   32|    38400|
    |layer1_out_V_V_U    |        4|  67|   0|    -|  1200|   32|    38400|
    |upsample_out_V_V_U  |        4|  67|   0|    -|  1200|   32|    38400|
    +--------------------+---------+----+----+-----+------+-----+---------+
    |Total               |       12| 201|   0|    0|  3600|   96|   115200|
    +--------------------+---------+----+----+-----+------+-----+---------+

    * Expression: 
    +--------------+----------+-------+---+----+------------+------------+
    | Variable Name| Operation| DSP48E| FF| LUT| Bitwidth P0| Bitwidth P1|
    +--------------+----------+-------+---+----+------------+------------+
    |ap_idle       |    and   |      0|  0|   2|           1|           1|
    +--------------+----------+-------+---+----+------------+------------+
    |Total         |          |      0|  0|   2|           1|           1|
    +--------------+----------+-------+---+----+------------+------------+

    * Multiplexer: 
    N/A

    * Register: 
    N/A



================================================================
== Interface
================================================================
* Summary: 
+-------------------------+-----+-----+------------+------------------+--------------+
|        RTL Ports        | Dir | Bits|  Protocol  |   Source Object  |    C Type    |
+-------------------------+-----+-----+------------+------------------+--------------+
|input_image_V_V_dout     |  in |   32|   ap_fifo  |  input_image_V_V |    pointer   |
|input_image_V_V_empty_n  |  in |    1|   ap_fifo  |  input_image_V_V |    pointer   |
|input_image_V_V_read     | out |    1|   ap_fifo  |  input_image_V_V |    pointer   |
|output_image_V_V_din     | out |   32|   ap_fifo  | output_image_V_V |    pointer   |
|output_image_V_V_full_n  |  in |    1|   ap_fifo  | output_image_V_V |    pointer   |
|output_image_V_V_write   | out |    1|   ap_fifo  | output_image_V_V |    pointer   |
|ap_clk                   |  in |    1| ap_ctrl_hs |  superres_xcel57 | return value |
|ap_rst                   |  in |    1| ap_ctrl_hs |  superres_xcel57 | return value |
|ap_start                 |  in |    1| ap_ctrl_hs |  superres_xcel57 | return value |
|ap_done                  | out |    1| ap_ctrl_hs |  superres_xcel57 | return value |
|ap_ready                 | out |    1| ap_ctrl_hs |  superres_xcel57 | return value |
|ap_idle                  | out |    1| ap_ctrl_hs |  superres_xcel57 | return value |
|ap_continue              |  in |    1| ap_ctrl_hs |  superres_xcel57 | return value |
+-------------------------+-----+-----+------------+------------------+--------------+

