

================================================================
== Vivado HLS Report for 'convolve_40_40_5_s'
================================================================
* Date:           Mon Nov 25 03:52:18 2024

* Version:        2019.2 (Build 2704478 on Wed Nov 06 22:10:23 MST 2019)
* Project:        superres.prj
* Solution:       solution1
* Product family: zynq
* Target device:  xc7z020-clg484-1


================================================================
== Performance Estimates
================================================================
+ Timing: 
    * Summary: 
    +--------+----------+----------+------------+
    |  Clock |  Target  | Estimated| Uncertainty|
    +--------+----------+----------+------------+
    |ap_clk  | 10.00 ns | 8.510 ns |   1.25 ns  |
    +--------+----------+----------+------------+

+ Latency: 
    * Summary: 
    +---------+---------+----------+----------+-------+-------+---------+
    |  Latency (cycles) |  Latency (absolute) |    Interval   | Pipeline|
    |   min   |   max   |    min   |    max   |  min  |  max  |   Type  |
    +---------+---------+----------+----------+-------+-------+---------+
    |    68493|    68493| 0.685 ms | 0.685 ms |  68493|  68493|   none  |
    +---------+---------+----------+----------+-------+-------+---------+

    + Detail: 
        * Instance: 
        +------------------------------+-------------------+---------+---------+-----------+-----------+------+------+---------+
        |                              |                   |  Latency (cycles) |   Latency (absolute)  |   Interval  | Pipeline|
        |           Instance           |       Module      |   min   |   max   |    min    |    max    |  min |  max |   Type  |
        +------------------------------+-------------------+---------+---------+-----------+-----------+------+------+---------+
        |grp_initialize_memory_fu_799  |initialize_memory  |     2402|     2402| 24.020 us | 24.020 us |  2402|  2402|   none  |
        +------------------------------+-------------------+---------+---------+-----------+-----------+------+------+---------+

        * Loop: 
        +-----------------+---------+---------+----------+-----------+-----------+------+----------+
        |                 |  Latency (cycles) | Iteration|  Initiation Interval  | Trip |          |
        |    Loop Name    |   min   |   max   |  Latency |  achieved |   target  | Count| Pipelined|
        +-----------------+---------+---------+----------+-----------+-----------+------+----------+
        |- Loop 1         |    53208|    53208|      1478|          -|          -|    36|    no    |
        | + Loop 1.1      |     1476|     1476|        41|          -|          -|    36|    no    |
        |- Loop 2         |    12880|    12880|       322|          -|          -|    40|    no    |
        | + Loop 2.1      |      320|      320|         8|          -|          -|    40|    no    |
        |  ++ Loop 2.1.1  |        6|        6|         2|          -|          -|     3|    no    |
        +-----------------+---------+---------+----------+-----------+-----------+------+----------+



================================================================
== Utilization Estimates
================================================================
* Summary: 
+-----------------+---------+-------+--------+-------+-----+
|       Name      | BRAM_18K| DSP48E|   FF   |  LUT  | URAM|
+-----------------+---------+-------+--------+-------+-----+
|DSP              |        -|      -|       -|      -|    -|
|Expression       |        -|    102|       0|   9256|    -|
|FIFO             |        -|      -|       -|      -|    -|
|Instance         |        -|      -|     171|   3172|    -|
|Memory           |       16|      -|       0|      0|    0|
|Multiplexer      |        -|      -|       -|    778|    -|
|Register         |        -|      -|    5515|      -|    -|
+-----------------+---------+-------+--------+-------+-----+
|Total            |       16|    102|    5686|  13206|    0|
+-----------------+---------+-------+--------+-------+-----+
|Available        |      280|    220|  106400|  53200|    0|
+-----------------+---------+-------+--------+-------+-----+
|Utilization (%)  |        5|     46|       5|     24|    0|
+-----------------+---------+-------+--------+-------+-----+

+ Detail: 
    * Instance: 
    +------------------------------+-------------------+---------+-------+-----+------+-----+
    |           Instance           |       Module      | BRAM_18K| DSP48E|  FF |  LUT | URAM|
    +------------------------------+-------------------+---------+-------+-----+------+-----+
    |grp_initialize_memory_fu_799  |initialize_memory  |        0|      0|  171|  3172|    0|
    +------------------------------+-------------------+---------+-------+-----+------+-----+
    |Total                         |                   |        0|      0|  171|  3172|    0|
    +------------------------------+-------------------+---------+-------+-----+------+-----+

    * DSP48E: 
    N/A

    * Memory: 
    +------------+----------------------+---------+---+----+-----+------+-----+------+-------------+
    |   Memory   |        Module        | BRAM_18K| FF| LUT| URAM| Words| Bits| Banks| W*Bits*Banks|
    +------------+----------------------+---------+---+----+-----+------+-----+------+-------------+
    |output_V_U  |convolve_40_40_5_bkb  |       16|  0|   0|    0|  4800|   32|     1|       153600|
    +------------+----------------------+---------+---+----+-----+------+-----+------+-------------+
    |Total       |                      |       16|  0|   0|    0|  4800|   32|     1|       153600|
    +------------+----------------------+---------+---+----+-----+------+-----+------+-------------+

    * FIFO: 
    N/A

    * Expression: 
    +--------------------------+----------+-------+---+----+------------+------------+
    |       Variable Name      | Operation| DSP48E| FF| LUT| Bitwidth P0| Bitwidth P1|
    +--------------------------+----------+-------+---+----+------------+------------+
    |mul_ln1118_10_fu_1594_p2  |     *    |      2|  0|  20|          32|          19|
    |mul_ln1118_11_fu_1747_p2  |     *    |      2|  0|  20|          32|          19|
    |mul_ln1118_12_fu_1767_p2  |     *    |      2|  0|  20|          32|          18|
    |mul_ln1118_13_fu_1866_p2  |     *    |      2|  0|  20|          32|          18|
    |mul_ln1118_14_fu_1876_p2  |     *    |      2|  0|  20|          32|          18|
    |mul_ln1118_15_fu_1958_p2  |     *    |      2|  0|  20|          32|          20|
    |mul_ln1118_16_fu_1968_p2  |     *    |      2|  0|  20|          32|          20|
    |mul_ln1118_17_fu_2068_p2  |     *    |      2|  0|  20|          32|          20|
    |mul_ln1118_18_fu_2719_p2  |     *    |      2|  0|  20|          32|          20|
    |mul_ln1118_19_fu_2729_p2  |     *    |      2|  0|  20|          32|          20|
    |mul_ln1118_1_fu_1231_p2   |     *    |      2|  0|  20|          32|          18|
    |mul_ln1118_20_fu_2809_p2  |     *    |      2|  0|  20|          32|          20|
    |mul_ln1118_21_fu_2819_p2  |     *    |      2|  0|  20|          32|          20|
    |mul_ln1118_22_fu_2891_p2  |     *    |      2|  0|  20|          32|          20|
    |mul_ln1118_23_fu_2901_p2  |     *    |      2|  0|  20|          32|          20|
    |mul_ln1118_24_fu_3546_p2  |     *    |      2|  0|  20|          32|          20|
    |mul_ln1118_25_fu_3619_p2  |     *    |      2|  0|  20|          32|          20|
    |mul_ln1118_26_fu_3629_p2  |     *    |      2|  0|  20|          32|          20|
    |mul_ln1118_27_fu_3701_p2  |     *    |      2|  0|  20|          32|          20|
    |mul_ln1118_28_fu_3711_p2  |     *    |      2|  0|  20|          32|          20|
    |mul_ln1118_29_fu_3811_p2  |     *    |      2|  0|  20|          32|          20|
    |mul_ln1118_2_fu_1327_p2   |     *    |      2|  0|  20|          32|          18|
    |mul_ln1118_30_fu_4474_p2  |     *    |      2|  0|  20|          32|          20|
    |mul_ln1118_31_fu_4484_p2  |     *    |      2|  0|  20|          32|          20|
    |mul_ln1118_32_fu_4558_p2  |     *    |      2|  0|  20|          32|          20|
    |mul_ln1118_33_fu_4568_p2  |     *    |      2|  0|  20|          32|          18|
    |mul_ln1118_34_fu_4661_p2  |     *    |      2|  0|  20|          32|          18|
    |mul_ln1118_35_fu_4671_p2  |     *    |      2|  0|  20|          32|          18|
    |mul_ln1118_36_fu_4753_p2  |     *    |      2|  0|  20|          32|          20|
    |mul_ln1118_37_fu_4763_p2  |     *    |      2|  0|  20|          32|          20|
    |mul_ln1118_38_fu_4857_p2  |     *    |      2|  0|  20|          32|          20|
    |mul_ln1118_39_fu_4867_p2  |     *    |      2|  0|  20|          32|          20|
    |mul_ln1118_3_fu_1336_p2   |     *    |      2|  0|  20|          32|          20|
    |mul_ln1118_40_fu_4960_p2  |     *    |      2|  0|  20|          32|          20|
    |mul_ln1118_41_fu_4970_p2  |     *    |      2|  0|  20|          32|          20|
    |mul_ln1118_42_fu_5052_p2  |     *    |      2|  0|  20|          32|          19|
    |mul_ln1118_43_fu_5062_p2  |     *    |      2|  0|  20|          32|          19|
    |mul_ln1118_44_fu_5124_p2  |     *    |      2|  0|  20|          32|          19|
    |mul_ln1118_45_fu_5134_p2  |     *    |      2|  0|  20|          32|          18|
    |mul_ln1118_46_fu_5207_p2  |     *    |      2|  0|  20|          32|          18|
    |mul_ln1118_47_fu_5217_p2  |     *    |      2|  0|  20|          32|          18|
    |mul_ln1118_4_fu_1355_p2   |     *    |      2|  0|  20|          32|          20|
    |mul_ln1118_5_fu_1490_p2   |     *    |      2|  0|  20|          32|          20|
    |mul_ln1118_6_fu_1374_p2   |     *    |      2|  0|  20|          32|          20|
    |mul_ln1118_7_fu_1384_p2   |     *    |      2|  0|  20|          32|          20|
    |mul_ln1118_8_fu_1564_p2   |     *    |      2|  0|  20|          32|          20|
    |mul_ln1118_9_fu_1574_p2   |     *    |      2|  0|  20|          32|          19|
    |mul_ln1118_fu_1221_p2     |     *    |      2|  0|  20|          32|          18|
    |mul_ln1192_1_fu_3252_p2   |     *    |      2|  0|  20|          32|          25|
    |mul_ln1192_2_fu_3262_p2   |     *    |      2|  0|  20|          32|          25|
    |mul_ln1192_fu_3183_p2     |     *    |      2|  0|  20|          32|          25|
    |add_ln1116_10_fu_2140_p2  |     +    |      0|  0|  19|          14|           2|
    |add_ln1116_11_fu_1179_p2  |     +    |      0|  0|  12|          12|          12|
    |add_ln1116_12_fu_1206_p2  |     +    |      0|  0|  19|          14|           1|
    |add_ln1116_13_fu_1279_p2  |     +    |      0|  0|  19|          14|           2|
    |add_ln1116_14_fu_3737_p2  |     +    |      0|  0|  12|          12|          12|
    |add_ln1116_15_fu_3764_p2  |     +    |      0|  0|  19|          14|           1|
    |add_ln1116_16_fu_3883_p2  |     +    |      0|  0|  19|          14|           2|
    |add_ln1116_17_fu_3893_p2  |     +    |      0|  0|  12|          12|          12|
    |add_ln1116_18_fu_4697_p2  |     +    |      0|  0|  19|          14|           1|
    |add_ln1116_19_fu_4707_p2  |     +    |      0|  0|  19|          14|           2|
    |add_ln1116_1_fu_885_p2    |     +    |      0|  0|  12|          12|          12|
    |add_ln1116_20_fu_1015_p2  |     +    |      0|  0|  12|          12|          12|
    |add_ln1116_21_fu_1043_p2  |     +    |      0|  0|  19|          14|           1|
    |add_ln1116_22_fu_1053_p2  |     +    |      0|  0|  19|          14|           2|
    |add_ln1116_23_fu_1630_p2  |     +    |      0|  0|  12|          12|          12|
    |add_ln1116_24_fu_1657_p2  |     +    |      0|  0|  19|          14|           1|
    |add_ln1116_25_fu_1793_p2  |     +    |      0|  0|  19|          14|           2|
    |add_ln1116_26_fu_2568_p2  |     +    |      0|  0|  12|          12|          12|
    |add_ln1116_27_fu_2695_p2  |     +    |      0|  0|  19|          14|           1|
    |add_ln1116_28_fu_2705_p2  |     +    |      0|  0|  19|          14|           2|
    |add_ln1116_29_fu_3457_p2  |     +    |      0|  0|  12|          12|          12|
    |add_ln1116_2_fu_921_p2    |     +    |      0|  0|  12|          12|          12|
    |add_ln1116_30_fu_3484_p2  |     +    |      0|  0|  19|          14|           1|
    |add_ln1116_31_fu_3562_p2  |     +    |      0|  0|  19|          14|           2|
    |add_ln1116_32_fu_3897_p2  |     +    |      0|  0|  12|          12|          12|
    |add_ln1116_33_fu_4450_p2  |     +    |      0|  0|  19|          14|           1|
    |add_ln1116_34_fu_4460_p2  |     +    |      0|  0|  19|          14|           2|
    |add_ln1116_35_fu_1072_p2  |     +    |      0|  0|  12|          12|          12|
    |add_ln1116_36_fu_1100_p2  |     +    |      0|  0|  19|          14|           1|
    |add_ln1116_37_fu_1143_p2  |     +    |      0|  0|  19|          14|           2|
    |add_ln1116_38_fu_1803_p2  |     +    |      0|  0|  12|          12|          12|
    |add_ln1116_39_fu_1902_p2  |     +    |      0|  0|  19|          14|           1|
    |add_ln1116_3_fu_957_p2    |     +    |      0|  0|  12|          12|          12|
    |add_ln1116_40_fu_1912_p2  |     +    |      0|  0|  19|          14|           2|
    |add_ln1116_41_fu_2735_p2  |     +    |      0|  0|  12|          12|          12|
    |add_ln1116_42_fu_2762_p2  |     +    |      0|  0|  19|          14|           1|
    |add_ln1116_43_fu_2845_p2  |     +    |      0|  0|  19|          14|           2|
    |add_ln1116_44_fu_3572_p2  |     +    |      0|  0|  12|          12|          12|
    |add_ln1116_45_fu_3645_p2  |     +    |      0|  0|  19|          14|           1|
    |add_ln1116_46_fu_3655_p2  |     +    |      0|  0|  19|          14|           2|
    |add_ln1116_47_fu_3901_p2  |     +    |      0|  0|  12|          12|          12|
    |add_ln1116_48_fu_4511_p2  |     +    |      0|  0|  19|          14|           1|
    |add_ln1116_49_fu_4615_p2  |     +    |      0|  0|  19|          14|           2|
    |add_ln1116_4_fu_993_p2    |     +    |      0|  0|  12|          12|          12|
    |add_ln1116_50_fu_1240_p2  |     +    |      0|  0|  12|          12|          12|
    |add_ln1116_51_fu_1268_p2  |     +    |      0|  0|  19|          14|           1|
    |add_ln1116_52_fu_1390_p2  |     +    |      0|  0|  19|          14|           2|
    |add_ln1116_53_fu_2150_p2  |     +    |      0|  0|  12|          12|          12|
    |add_ln1116_54_fu_2294_p2  |     +    |      0|  0|  19|          14|           1|
    |add_ln1116_55_fu_2304_p2  |     +    |      0|  0|  19|          14|           2|
    |add_ln1116_56_fu_3094_p2  |     +    |      0|  0|  12|          12|          12|
    |add_ln1116_57_fu_3121_p2  |     +    |      0|  0|  19|          14|           1|
    |add_ln1116_58_fu_3199_p2  |     +    |      0|  0|  19|          14|           2|
    |add_ln1116_59_fu_3905_p2  |     +    |      0|  0|  12|          12|          12|
    |add_ln1116_5_fu_1115_p2   |     +    |      0|  0|  12|          12|          12|
    |add_ln1116_60_fu_4061_p2  |     +    |      0|  0|  19|          14|           1|
    |add_ln1116_61_fu_4071_p2  |     +    |      0|  0|  19|          14|           2|
    |add_ln1116_62_fu_3932_p2  |     +    |      0|  0|  12|          12|          12|
    |add_ln1116_63_fu_4810_p2  |     +    |      0|  0|  19|          14|           1|
    |add_ln1116_64_fu_4893_p2  |     +    |      0|  0|  19|          14|           2|
    |add_ln1116_65_fu_1410_p2  |     +    |      0|  0|  12|          12|          12|
    |add_ln1116_66_fu_1610_p2  |     +    |      0|  0|  19|          14|           1|
    |add_ln1116_67_fu_1620_p2  |     +    |      0|  0|  19|          14|           2|
    |add_ln1116_68_fu_2428_p2  |     +    |      0|  0|  12|          12|          12|
    |add_ln1116_69_fu_2455_p2  |     +    |      0|  0|  19|          14|           1|
    |add_ln1116_6_fu_1153_p2   |     +    |      0|  0|  19|          14|           1|
    |add_ln1116_70_fu_2595_p2  |     +    |      0|  0|  19|          14|           2|
    |add_ln1116_71_fu_3209_p2  |     +    |      0|  0|  12|          12|          12|
    |add_ln1116_72_fu_3278_p2  |     +    |      0|  0|  19|          14|           1|
    |add_ln1116_73_fu_3288_p2  |     +    |      0|  0|  19|          14|           2|
    |add_ln1116_74_fu_3936_p2  |     +    |      0|  0|  12|          12|          12|
    |add_ln1116_75_fu_4216_p2  |     +    |      0|  0|  19|          14|           1|
    |add_ln1116_76_fu_4350_p2  |     +    |      0|  0|  19|          14|           2|
    |add_ln1116_77_fu_3940_p2  |     +    |      0|  0|  12|          12|          12|
    |add_ln1116_78_fu_4996_p2  |     +    |      0|  0|  19|          14|           1|
    |add_ln1116_79_fu_5006_p2  |     +    |      0|  0|  19|          14|           2|
    |add_ln1116_7_fu_1163_p2   |     +    |      0|  0|  19|          14|           2|
    |add_ln1116_8_fu_1994_p2   |     +    |      0|  0|  12|          12|          12|
    |add_ln1116_9_fu_2021_p2   |     +    |      0|  0|  19|          14|           1|
    |add_ln1116_fu_849_p2      |     +    |      0|  0|  12|          12|          12|
    |add_ln1192_10_fu_1737_p2  |     +    |      0|  0|  63|          56|          56|
    |add_ln1192_11_fu_1840_p2  |     +    |      0|  0|  63|          56|          56|
    |add_ln1192_12_fu_1856_p2  |     +    |      0|  0|  63|          56|          56|
    |add_ln1192_13_fu_1932_p2  |     +    |      0|  0|  63|          56|          56|
    |add_ln1192_14_fu_1948_p2  |     +    |      0|  0|  63|          56|          56|
    |add_ln1192_15_fu_2042_p2  |     +    |      0|  0|  63|          56|          56|
    |add_ln1192_16_fu_2058_p2  |     +    |      0|  0|  63|          56|          56|
    |add_ln1192_17_fu_2187_p2  |     +    |      0|  0|  63|          56|          56|
    |add_ln1192_18_fu_2114_p2  |     +    |      0|  0|  63|          56|          56|
    |add_ln1192_19_fu_2222_p2  |     +    |      0|  0|  63|          56|          56|
    |add_ln1192_1_fu_1317_p2   |     +    |      0|  0|  63|          56|          56|
    |add_ln1192_20_fu_2268_p2  |     +    |      0|  0|  63|          56|          56|
    |add_ln1192_21_fu_2355_p2  |     +    |      0|  0|  63|          56|          56|
    |add_ln1192_22_fu_2402_p2  |     +    |      0|  0|  63|          56|          56|
    |add_ln1192_23_fu_2507_p2  |     +    |      0|  0|  63|          56|          56|
    |add_ln1192_24_fu_2542_p2  |     +    |      0|  0|  63|          56|          56|
    |add_ln1192_25_fu_2634_p2  |     +    |      0|  0|  63|          56|          56|
    |add_ln1192_26_fu_2669_p2  |     +    |      0|  0|  63|          56|          56|
    |add_ln1192_27_fu_2783_p2  |     +    |      0|  0|  63|          56|          56|
    |add_ln1192_28_fu_2799_p2  |     +    |      0|  0|  63|          56|          56|
    |add_ln1192_29_fu_2865_p2  |     +    |      0|  0|  63|          56|          56|
    |add_ln1192_2_fu_1449_p2   |     +    |      0|  0|  63|          56|          56|
    |add_ln1192_30_fu_2881_p2  |     +    |      0|  0|  63|          56|          56|
    |add_ln1192_31_fu_2937_p2  |     +    |      0|  0|  63|          56|          56|
    |add_ln1192_32_fu_2953_p2  |     +    |      0|  0|  63|          56|          56|
    |add_ln1192_33_fu_3000_p2  |     +    |      0|  0|  63|          56|          56|
    |add_ln1192_34_fu_3058_p2  |     +    |      0|  0|  63|          56|          56|
    |add_ln1192_35_fu_3173_p2  |     +    |      0|  0|  63|          56|          56|
    |add_ln1192_36_fu_3243_p2  |     +    |      0|  0|  63|          56|          56|
    |add_ln1192_37_fu_3305_p2  |     +    |      0|  0|  63|          56|          56|
    |add_ln1192_38_fu_3317_p2  |     +    |      0|  0|  63|          56|          56|
    |add_ln1192_39_fu_3363_p2  |     +    |      0|  0|  63|          56|          56|
    |add_ln1192_3_fu_1465_p2   |     +    |      0|  0|  63|          56|          56|
    |add_ln1192_40_fu_3421_p2  |     +    |      0|  0|  63|          56|          56|
    |add_ln1192_41_fu_3536_p2  |     +    |      0|  0|  63|          56|          56|
    |add_ln1192_42_fu_3609_p2  |     +    |      0|  0|  63|          56|          56|
    |add_ln1192_43_fu_3675_p2  |     +    |      0|  0|  63|          56|          56|
    |add_ln1192_44_fu_3691_p2  |     +    |      0|  0|  63|          56|          56|
    |add_ln1192_45_fu_3785_p2  |     +    |      0|  0|  63|          56|          56|
    |add_ln1192_46_fu_3801_p2  |     +    |      0|  0|  63|          56|          56|
    |add_ln1192_47_fu_3954_p2  |     +    |      0|  0|  63|          56|          56|
    |add_ln1192_48_fu_3857_p2  |     +    |      0|  0|  63|          56|          56|
    |add_ln1192_49_fu_3989_p2  |     +    |      0|  0|  63|          56|          56|
    |add_ln1192_4_fu_1481_p2   |     +    |      0|  0|  63|          56|          56|
    |add_ln1192_50_fu_4035_p2  |     +    |      0|  0|  63|          56|          56|
    |add_ln1192_51_fu_4122_p2  |     +    |      0|  0|  63|          56|          56|
    |add_ln1192_52_fu_4169_p2  |     +    |      0|  0|  63|          56|          56|
    |add_ln1192_53_fu_4268_p2  |     +    |      0|  0|  63|          56|          56|
    |add_ln1192_54_fu_4303_p2  |     +    |      0|  0|  63|          56|          56|
    |add_ln1192_55_fu_4389_p2  |     +    |      0|  0|  63|          56|          56|
    |add_ln1192_56_fu_4424_p2  |     +    |      0|  0|  63|          56|          56|
    |add_ln1192_57_fu_4532_p2  |     +    |      0|  0|  63|          56|          56|
    |add_ln1192_58_fu_4548_p2  |     +    |      0|  0|  63|          56|          56|
    |add_ln1192_59_fu_4635_p2  |     +    |      0|  0|  63|          56|          56|
    |add_ln1192_5_fu_1678_p2   |     +    |      0|  0|  63|          56|          56|
    |add_ln1192_60_fu_4651_p2  |     +    |      0|  0|  63|          56|          56|
    |add_ln1192_61_fu_4727_p2  |     +    |      0|  0|  63|          56|          56|
    |add_ln1192_62_fu_4743_p2  |     +    |      0|  0|  63|          56|          56|
    |add_ln1192_63_fu_4831_p2  |     +    |      0|  0|  63|          56|          56|
    |add_ln1192_64_fu_4847_p2  |     +    |      0|  0|  63|          56|          56|
    |add_ln1192_65_fu_4934_p2  |     +    |      0|  0|  63|          56|          56|
    |add_ln1192_66_fu_4950_p2  |     +    |      0|  0|  63|          56|          56|
    |add_ln1192_67_fu_5026_p2  |     +    |      0|  0|  63|          56|          56|
    |add_ln1192_68_fu_5042_p2  |     +    |      0|  0|  63|          56|          56|
    |add_ln1192_69_fu_5098_p2  |     +    |      0|  0|  63|          56|          56|
    |add_ln1192_6_fu_1527_p2   |     +    |      0|  0|  63|          56|          56|
    |add_ln1192_70_fu_5114_p2  |     +    |      0|  0|  63|          56|          56|
    |add_ln1192_71_fu_5170_p2  |     +    |      0|  0|  63|          56|          56|
    |add_ln1192_72_fu_5186_p2  |     +    |      0|  0|  63|          56|          56|
    |add_ln1192_73_fu_5243_p2  |     +    |      0|  0|  63|          56|          56|
    |add_ln1192_74_fu_5270_p2  |     +    |      0|  0|  63|          56|          56|
    |add_ln1192_7_fu_1554_p2   |     +    |      0|  0|  63|          56|          56|
    |add_ln1192_8_fu_1705_p2   |     +    |      0|  0|  63|          56|          56|
    |add_ln1192_9_fu_1721_p2   |     +    |      0|  0|  63|          56|          56|
    |add_ln1192_fu_1300_p2     |     +    |      0|  0|  63|          56|          56|
    |add_ln203_269_fu_5345_p2  |     +    |      0|  0|  12|          12|          12|
    |add_ln203_270_fu_5384_p2  |     +    |      0|  0|  19|          14|          14|
    |add_ln203_fu_5323_p2      |     +    |      0|  0|  12|          12|          12|
    |add_ln52_1_fu_1005_p2     |     +    |      0|  0|  15|           6|           3|
    |add_ln52_2_fu_1063_p2     |     +    |      0|  0|  15|           6|           2|
    |add_ln52_3_fu_891_p2      |     +    |      0|  0|  15|           6|           2|
    |add_ln52_4_fu_963_p2      |     +    |      0|  0|  15|           6|           2|
    |add_ln52_5_fu_1400_p2     |     +    |      0|  0|  15|           6|           2|
    |add_ln52_fu_855_p2        |     +    |      0|  0|  15|           6|           3|
    |c_fu_5335_p2              |     +    |      0|  0|  15|           6|           1|
    |chan_fu_5374_p2           |     +    |      0|  0|  10|           2|           1|
    |i_fu_927_p2               |     +    |      0|  0|  15|           6|           1|
    |j_fu_1173_p2              |     +    |      0|  0|  15|           6|           1|
    |r_fu_5293_p2              |     +    |      0|  0|  15|           6|           1|
    |sub_ln1116_10_fu_1089_p2  |     -    |      0|  0|  19|          14|          14|
    |sub_ln1116_11_fu_1819_p2  |     -    |      0|  0|  19|          14|          14|
    |sub_ln1116_12_fu_2751_p2  |     -    |      0|  0|  19|          14|          14|
    |sub_ln1116_13_fu_3588_p2  |     -    |      0|  0|  19|          14|          14|
    |sub_ln1116_14_fu_4500_p2  |     -    |      0|  0|  19|          14|          14|
    |sub_ln1116_15_fu_1257_p2  |     -    |      0|  0|  19|          14|          14|
    |sub_ln1116_16_fu_2166_p2  |     -    |      0|  0|  19|          14|          14|
    |sub_ln1116_17_fu_3110_p2  |     -    |      0|  0|  19|          14|          14|
    |sub_ln1116_18_fu_3921_p2  |     -    |      0|  0|  19|          14|          14|
    |sub_ln1116_19_fu_4799_p2  |     -    |      0|  0|  19|          14|          14|
    |sub_ln1116_1_fu_2010_p2   |     -    |      0|  0|  19|          14|          14|
    |sub_ln1116_20_fu_1427_p2  |     -    |      0|  0|  19|          14|          14|
    |sub_ln1116_21_fu_2444_p2  |     -    |      0|  0|  19|          14|          14|
    |sub_ln1116_22_fu_3225_p2  |     -    |      0|  0|  19|          14|          14|
    |sub_ln1116_23_fu_4205_p2  |     -    |      0|  0|  19|          14|          14|
    |sub_ln1116_24_fu_4913_p2  |     -    |      0|  0|  19|          14|          14|
    |sub_ln1116_2_fu_1195_p2   |     -    |      0|  0|  19|          14|          14|
    |sub_ln1116_3_fu_3753_p2   |     -    |      0|  0|  19|          14|          14|
    |sub_ln1116_4_fu_4604_p2   |     -    |      0|  0|  19|          14|          14|
    |sub_ln1116_5_fu_1032_p2   |     -    |      0|  0|  19|          14|          14|
    |sub_ln1116_6_fu_1646_p2   |     -    |      0|  0|  19|          14|          14|
    |sub_ln1116_7_fu_2584_p2   |     -    |      0|  0|  19|          14|          14|
    |sub_ln1116_8_fu_3473_p2   |     -    |      0|  0|  19|          14|          14|
    |sub_ln1116_9_fu_4339_p2   |     -    |      0|  0|  19|          14|          14|
    |sub_ln1116_fu_1132_p2     |     -    |      0|  0|  19|          14|          14|
    |sub_ln1118_10_fu_3030_p2  |     -    |      0|  0|  61|          54|          54|
    |sub_ln1118_11_fu_3156_p2  |     -    |      0|  0|  61|          54|          54|
    |sub_ln1118_12_fu_3346_p2  |     -    |      0|  0|  61|          54|          54|
    |sub_ln1118_13_fu_3393_p2  |     -    |      0|  0|  61|          54|          54|
    |sub_ln1118_14_fu_3519_p2  |     -    |      0|  0|  61|          54|          54|
    |sub_ln1118_15_fu_3829_p2  |     -    |      0|  0|  60|           1|          53|
    |sub_ln1118_16_fu_3972_p2  |     -    |      0|  0|  60|           1|          53|
    |sub_ln1118_17_fu_4007_p2  |     -    |      0|  0|  60|           1|          53|
    |sub_ln1118_18_fu_4105_p2  |     -    |      0|  0|  61|          54|          54|
    |sub_ln1118_19_fu_4152_p2  |     -    |      0|  0|  61|          54|          54|
    |sub_ln1118_1_fu_2205_p2   |     -    |      0|  0|  60|           1|          53|
    |sub_ln1118_20_fu_4251_p2  |     -    |      0|  0|  61|          54|          54|
    |sub_ln1118_21_fu_4286_p2  |     -    |      0|  0|  60|           1|          53|
    |sub_ln1118_22_fu_4372_p2  |     -    |      0|  0|  60|           1|          53|
    |sub_ln1118_23_fu_4407_p2  |     -    |      0|  0|  60|           1|          53|
    |sub_ln1118_2_fu_2240_p2   |     -    |      0|  0|  60|           1|          53|
    |sub_ln1118_3_fu_2338_p2   |     -    |      0|  0|  61|          54|          54|
    |sub_ln1118_4_fu_2385_p2   |     -    |      0|  0|  61|          54|          54|
    |sub_ln1118_5_fu_2490_p2   |     -    |      0|  0|  61|          54|          54|
    |sub_ln1118_6_fu_2525_p2   |     -    |      0|  0|  60|           1|          53|
    |sub_ln1118_7_fu_2617_p2   |     -    |      0|  0|  60|           1|          53|
    |sub_ln1118_8_fu_2652_p2   |     -    |      0|  0|  60|           1|          53|
    |sub_ln1118_9_fu_2983_p2   |     -    |      0|  0|  61|          54|          54|
    |sub_ln1118_fu_2086_p2     |     -    |      0|  0|  60|           1|          53|
    |sub_ln203_fu_5362_p2      |     -    |      0|  0|  19|          14|          14|
    |icmp_ln46_fu_819_p2       |   icmp   |      0|  0|  11|           6|           6|
    |icmp_ln47_fu_999_p2       |   icmp   |      0|  0|  11|           6|           6|
    |icmp_ln59_1_fu_5329_p2    |   icmp   |      0|  0|  11|           6|           6|
    |icmp_ln59_2_fu_5368_p2    |   icmp   |      0|  0|   8|           2|           2|
    |icmp_ln59_fu_5287_p2      |   icmp   |      0|  0|  11|           6|           6|
    +--------------------------+----------+-------+---+----+------------+------------+
    |Total                     |          |    102|  0|9256|        8042|        7371|
    +--------------------------+----------+-------+---+----+------------+------------+

    * Multiplexer: 
    +-------------------+-----+-----------+-----+-----------+
    |        Name       | LUT | Input Size| Bits| Total Bits|
    +-------------------+-----+-----------+-----+-----------+
    |ap_NS_fsm          |  213|         49|    1|         49|
    |buffer_V_address0  |  173|         39|   13|        507|
    |buffer_V_address1  |  173|         39|   13|        507|
    |c_0_reg_777        |    9|          2|    6|         12|
    |chan_0_reg_788     |    9|          2|    2|          4|
    |i_0_reg_743        |    9|          2|    6|         12|
    |j_0_reg_754        |    9|          2|    6|         12|
    |output_V_address0  |   33|          6|   13|         78|
    |output_V_address1  |   27|          5|   13|         65|
    |output_V_ce0       |   15|          3|    1|          3|
    |output_V_ce1       |   15|          3|    1|          3|
    |output_V_d0        |   15|          3|   32|         96|
    |output_V_d1        |   21|          4|   32|        128|
    |output_V_we0       |   15|          3|    1|          3|
    |output_V_we1       |   15|          3|    1|          3|
    |r_0_reg_766        |    9|          2|    6|         12|
    |reg_805            |    9|          2|   32|         64|
    |reg_814            |    9|          2|   32|         64|
    +-------------------+-----+-----------+-----+-----------+
    |Total              |  778|        171|  211|       1622|
    +-------------------+-----+-----------+-----+-----------+

    * Register: 
    +-------------------------------------------+----+----+-----+-----------+
    |                    Name                   | FF | LUT| Bits| Const Bits|
    +-------------------------------------------+----+----+-----+-----------+
    |add_ln1116_17_reg_6287                     |  12|   0|   12|          0|
    |add_ln1116_1_reg_5406                      |   9|   0|   12|          3|
    |add_ln1116_2_reg_5415                      |   9|   0|   12|          3|
    |add_ln1116_32_reg_6293                     |  12|   0|   12|          0|
    |add_ln1116_3_reg_5429                      |   9|   0|   12|          3|
    |add_ln1116_47_reg_6299                     |  12|   0|   12|          0|
    |add_ln1116_4_reg_5438                      |   9|   0|   12|          3|
    |add_ln1116_62_reg_6316                     |  12|   0|   12|          0|
    |add_ln1116_74_reg_6322                     |  12|   0|   12|          0|
    |add_ln1116_77_reg_6328                     |  12|   0|   12|          0|
    |add_ln1116_reg_5397                        |   9|   0|   12|          3|
    |add_ln203_reg_6680                         |   9|   0|   12|          3|
    |add_ln52_2_reg_5479                        |   6|   0|    6|          0|
    |ap_CS_fsm                                  |  48|   0|   48|          0|
    |buffer_V_load_122_reg_5531                 |  32|   0|   32|          0|
    |buffer_V_load_123_reg_5536                 |  32|   0|   32|          0|
    |buffer_V_load_124_reg_5551                 |  32|   0|   32|          0|
    |buffer_V_load_125_reg_5556                 |  32|   0|   32|          0|
    |c_0_reg_777                                |   6|   0|    6|          0|
    |c_reg_6688                                 |   6|   0|    6|          0|
    |chan_0_reg_788                             |   2|   0|    2|          0|
    |chan_reg_6701                              |   2|   0|    2|          0|
    |grp_initialize_memory_fu_799_ap_start_reg  |   1|   0|    1|          0|
    |i_0_reg_743                                |   6|   0|    6|          0|
    |i_reg_5424                                 |   6|   0|    6|          0|
    |j_0_reg_754                                |   6|   0|    6|          0|
    |j_reg_5561                                 |   6|   0|    6|          0|
    |mul_ln1118_10_reg_5722                     |  51|   0|   51|          0|
    |mul_ln1118_11_reg_5757                     |  51|   0|   51|          0|
    |mul_ln1118_12_reg_5767                     |  50|   0|   50|          0|
    |mul_ln1118_13_reg_5798                     |  50|   0|   50|          0|
    |mul_ln1118_14_reg_5803                     |  50|   0|   50|          0|
    |mul_ln1118_15_reg_5828                     |  49|   0|   51|          2|
    |mul_ln1118_16_reg_5833                     |  49|   0|   51|          2|
    |mul_ln1118_17_reg_5863                     |  49|   0|   51|          2|
    |mul_ln1118_18_reg_5985                     |  49|   0|   51|          2|
    |mul_ln1118_19_reg_5990                     |  49|   0|   51|          2|
    |mul_ln1118_1_reg_5599                      |  50|   0|   50|          0|
    |mul_ln1118_20_reg_6010                     |  49|   0|   51|          2|
    |mul_ln1118_21_reg_6015                     |  50|   0|   51|          1|
    |mul_ln1118_22_reg_6040                     |  50|   0|   51|          1|
    |mul_ln1118_23_reg_6045                     |  50|   0|   51|          1|
    |mul_ln1118_24_reg_6181                     |  50|   0|   51|          1|
    |mul_ln1118_25_reg_6207                     |  50|   0|   51|          1|
    |mul_ln1118_26_reg_6212                     |  50|   0|   51|          1|
    |mul_ln1118_27_reg_6232                     |  49|   0|   51|          2|
    |mul_ln1118_28_reg_6237                     |  49|   0|   51|          2|
    |mul_ln1118_29_reg_6267                     |  49|   0|   51|          2|
    |mul_ln1118_2_reg_5638                      |  50|   0|   50|          0|
    |mul_ln1118_30_reg_6425                     |  49|   0|   51|          2|
    |mul_ln1118_31_reg_6430                     |  49|   0|   51|          2|
    |mul_ln1118_32_reg_6450                     |  49|   0|   51|          2|
    |mul_ln1118_33_reg_6455                     |  50|   0|   50|          0|
    |mul_ln1118_34_reg_6486                     |  50|   0|   50|          0|
    |mul_ln1118_35_reg_6491                     |  50|   0|   50|          0|
    |mul_ln1118_36_reg_6516                     |  49|   0|   51|          2|
    |mul_ln1118_37_reg_6521                     |  49|   0|   51|          2|
    |mul_ln1118_38_reg_6551                     |  49|   0|   51|          2|
    |mul_ln1118_39_reg_6556                     |  50|   0|   51|          1|
    |mul_ln1118_3_reg_5643                      |  49|   0|   51|          2|
    |mul_ln1118_40_reg_6587                     |  50|   0|   51|          1|
    |mul_ln1118_41_reg_6592                     |  50|   0|   51|          1|
    |mul_ln1118_42_reg_6617                     |  51|   0|   51|          0|
    |mul_ln1118_43_reg_6622                     |  51|   0|   51|          0|
    |mul_ln1118_44_reg_6637                     |  51|   0|   51|          0|
    |mul_ln1118_45_reg_6642                     |  50|   0|   50|          0|
    |mul_ln1118_46_reg_6657                     |  50|   0|   50|          0|
    |mul_ln1118_47_reg_6662                     |  50|   0|   50|          0|
    |mul_ln1118_4_reg_5653                      |  49|   0|   51|          2|
    |mul_ln1118_5_reg_5697                      |  49|   0|   51|          2|
    |mul_ln1118_6_reg_5663                      |  50|   0|   51|          1|
    |mul_ln1118_7_reg_5668                      |  50|   0|   51|          1|
    |mul_ln1118_8_reg_5707                      |  50|   0|   51|          1|
    |mul_ln1118_9_reg_5712                      |  51|   0|   51|          0|
    |mul_ln1118_reg_5594                        |  50|   0|   50|          0|
    |mul_ln1192_1_reg_6126                      |  55|   0|   56|          1|
    |mul_ln1192_2_reg_6131                      |  55|   0|   56|          1|
    |mul_ln1192_reg_6100                        |  55|   0|   56|          1|
    |output_V_addr_1_reg_5582                   |  13|   0|   13|          0|
    |output_V_addr_2_reg_5588                   |  13|   0|   13|          0|
    |output_V_addr_3_reg_5632                   |  13|   0|   13|          0|
    |r_0_reg_766                                |   6|   0|    6|          0|
    |r_reg_6675                                 |   6|   0|    6|          0|
    |reg_805                                    |  32|   0|   32|          0|
    |reg_810                                    |  32|   0|   32|          0|
    |reg_814                                    |  32|   0|   32|          0|
    |sub_ln1116_10_reg_5492                     |  14|   0|   14|          0|
    |sub_ln1116_11_reg_5787                     |  14|   0|   14|          0|
    |sub_ln1116_12_reg_5995                     |  14|   0|   14|          0|
    |sub_ln1116_13_reg_6196                     |  14|   0|   14|          0|
    |sub_ln1116_14_reg_6435                     |  14|   0|   14|          0|
    |sub_ln1116_15_reg_5612                     |  14|   0|   14|          0|
    |sub_ln1116_16_reg_5883                     |  14|   0|   14|          0|
    |sub_ln1116_17_reg_6085                     |  14|   0|   14|          0|
    |sub_ln1116_18_reg_6305                     |  14|   0|   14|          0|
    |sub_ln1116_19_reg_6536                     |  14|   0|   14|          0|
    |sub_ln1116_1_reg_5848                      |  14|   0|   14|          0|
    |sub_ln1116_20_reg_5686                     |  14|   0|   14|          0|
    |sub_ln1116_21_reg_5924                     |  14|   0|   14|          0|
    |sub_ln1116_22_reg_6115                     |  14|   0|   14|          0|
    |sub_ln1116_23_reg_6364                     |  14|   0|   14|          0|
    |sub_ln1116_24_reg_6576                     |  14|   0|   14|          0|
    |sub_ln1116_2_reg_5567                      |  14|   0|   14|          0|
    |sub_ln1116_3_reg_6252                      |  14|   0|   14|          0|
    |sub_ln1116_4_reg_6470                      |  14|   0|   14|          0|
    |sub_ln1116_5_reg_5458                      |  14|   0|   14|          0|
    |sub_ln1116_6_reg_5742                      |  14|   0|   14|          0|
    |sub_ln1116_7_reg_5949                      |  14|   0|   14|          0|
    |sub_ln1116_8_reg_6166                      |  14|   0|   14|          0|
    |sub_ln1116_9_reg_6389                      |  14|   0|   14|          0|
    |sub_ln1116_reg_5515                        |  14|   0|   14|          0|
    |sub_ln203_reg_6693                         |  14|   0|   14|          0|
    |tmp_23_reg_5648                            |  32|   0|   32|          0|
    |tmp_24_reg_5658                            |  32|   0|   32|          0|
    |tmp_25_reg_5702                            |  32|   0|   32|          0|
    |tmp_29_reg_5717                            |  32|   0|   32|          0|
    |tmp_30_reg_5727                            |  32|   0|   32|          0|
    |tmp_31_reg_5762                            |  32|   0|   32|          0|
    |tmp_32_reg_5772                            |  32|   0|   32|          0|
    |tmp_33_reg_5777                            |  32|   0|   32|          0|
    |tmp_34_reg_5808                            |  32|   0|   32|          0|
    |tmp_35_reg_5813                            |  32|   0|   32|          0|
    |tmp_36_reg_5838                            |  32|   0|   32|          0|
    |tmp_37_reg_5843                            |  32|   0|   32|          0|
    |tmp_39_reg_5868                            |  32|   0|   32|          0|
    |tmp_41_reg_5873                            |  32|   0|   32|          0|
    |tmp_42_reg_5894                            |  32|   0|   32|          0|
    |tmp_43_reg_5899                            |  32|   0|   32|          0|
    |tmp_44_reg_5914                            |  32|   0|   32|          0|
    |tmp_45_reg_5919                            |  32|   0|   32|          0|
    |tmp_46_reg_5939                            |  32|   0|   32|          0|
    |tmp_47_reg_5944                            |  32|   0|   32|          0|
    |tmp_48_reg_5965                            |  32|   0|   32|          0|
    |tmp_49_reg_5970                            |  32|   0|   32|          0|
    |tmp_50_reg_6020                            |  32|   0|   32|          0|
    |tmp_51_reg_6025                            |  32|   0|   32|          0|
    |tmp_52_reg_6050                            |  32|   0|   32|          0|
    |tmp_53_reg_6055                            |  32|   0|   32|          0|
    |tmp_55_reg_6070                            |  32|   0|   32|          0|
    |tmp_56_reg_6075                            |  32|   0|   32|          0|
    |tmp_57_reg_6080                            |  32|   0|   32|          0|
    |tmp_58_reg_6105                            |  32|   0|   32|          0|
    |tmp_59_reg_6136                            |  32|   0|   32|          0|
    |tmp_61_reg_6151                            |  32|   0|   32|          0|
    |tmp_62_reg_6156                            |  32|   0|   32|          0|
    |tmp_63_reg_6161                            |  32|   0|   32|          0|
    |tmp_64_reg_6186                            |  32|   0|   32|          0|
    |tmp_65_reg_6217                            |  32|   0|   32|          0|
    |tmp_66_reg_6242                            |  32|   0|   32|          0|
    |tmp_67_reg_6247                            |  32|   0|   32|          0|
    |tmp_69_reg_6272                            |  32|   0|   32|          0|
    |tmp_71_reg_6277                            |  32|   0|   32|          0|
    |tmp_72_reg_6334                            |  32|   0|   32|          0|
    |tmp_73_reg_6339                            |  32|   0|   32|          0|
    |tmp_74_reg_6354                            |  32|   0|   32|          0|
    |tmp_75_reg_6359                            |  32|   0|   32|          0|
    |tmp_76_reg_6379                            |  32|   0|   32|          0|
    |tmp_77_reg_6384                            |  32|   0|   32|          0|
    |tmp_78_reg_6405                            |  32|   0|   32|          0|
    |tmp_79_reg_6410                            |  32|   0|   32|          0|
    |tmp_80_reg_6460                            |  32|   0|   32|          0|
    |tmp_81_reg_6465                            |  32|   0|   32|          0|
    |tmp_82_reg_6496                            |  32|   0|   32|          0|
    |tmp_83_reg_6501                            |  32|   0|   32|          0|
    |tmp_84_reg_6526                            |  32|   0|   32|          0|
    |tmp_85_reg_6531                            |  32|   0|   32|          0|
    |tmp_86_reg_6561                            |  32|   0|   32|          0|
    |tmp_87_reg_6566                            |  32|   0|   32|          0|
    |tmp_88_reg_6597                            |  32|   0|   32|          0|
    |tmp_89_reg_6602                            |  32|   0|   32|          0|
    |tmp_90_reg_6627                            |  32|   0|   32|          0|
    |tmp_91_reg_6632                            |  32|   0|   32|          0|
    |tmp_92_reg_6647                            |  32|   0|   32|          0|
    |tmp_93_reg_6652                            |  32|   0|   32|          0|
    |tmp_94_reg_6667                            |  32|   0|   32|          0|
    |zext_ln1116_10_reg_5507                    |   6|   0|   12|          6|
    |zext_ln1116_20_reg_5572                    |  14|   0|   64|         50|
    |zext_ln1116_21_reg_5577                    |  14|   0|   64|         50|
    |zext_ln1116_22_reg_5627                    |  14|   0|   64|         50|
    |zext_ln1116_31_reg_5450                    |   6|   0|   12|          6|
    |zext_ln1116_52_reg_5484                    |   6|   0|   12|          6|
    |zext_ln1116_73_reg_5604                    |   6|   0|   12|          6|
    |zext_ln1116_94_reg_5678                    |   6|   0|   12|          6|
    |zext_ln203_210_reg_6706                    |  14|   0|   64|         50|
    +-------------------------------------------+----+----+-----+-----------+
    |Total                                      |5515|   0| 5814|        299|
    +-------------------------------------------+----+----+-----+-----------+



================================================================
== Interface
================================================================
* Summary: 
+-------------------+-----+-----+------------+---------------------+--------------+
|     RTL Ports     | Dir | Bits|  Protocol  |    Source Object    |    C Type    |
+-------------------+-----+-----+------------+---------------------+--------------+
|ap_clk             |  in |    1| ap_ctrl_hs | convolve<40, 40, 5> | return value |
|ap_rst             |  in |    1| ap_ctrl_hs | convolve<40, 40, 5> | return value |
|ap_start           |  in |    1| ap_ctrl_hs | convolve<40, 40, 5> | return value |
|ap_done            | out |    1| ap_ctrl_hs | convolve<40, 40, 5> | return value |
|ap_idle            | out |    1| ap_ctrl_hs | convolve<40, 40, 5> | return value |
|ap_ready           | out |    1| ap_ctrl_hs | convolve<40, 40, 5> | return value |
|buffer_V_address0  | out |   13|  ap_memory |       buffer_V      |     array    |
|buffer_V_ce0       | out |    1|  ap_memory |       buffer_V      |     array    |
|buffer_V_q0        |  in |   32|  ap_memory |       buffer_V      |     array    |
|buffer_V_address1  | out |   13|  ap_memory |       buffer_V      |     array    |
|buffer_V_ce1       | out |    1|  ap_memory |       buffer_V      |     array    |
|buffer_V_we1       | out |    1|  ap_memory |       buffer_V      |     array    |
|buffer_V_d1        | out |   32|  ap_memory |       buffer_V      |     array    |
|buffer_V_q1        |  in |   32|  ap_memory |       buffer_V      |     array    |
+-------------------+-----+-----+------------+---------------------+--------------+

