

================================================================
== Vivado HLS Report for 'upsample_20_20_2_s'
================================================================
* Date:           Mon Nov 25 03:52:16 2024

* Version:        2019.2 (Build 2704478 on Wed Nov 06 22:10:23 MST 2019)
* Project:        superres.prj
* Solution:       solution1
* Product family: zynq
* Target device:  xc7z020-clg484-1


================================================================
== Performance Estimates
================================================================
+ Timing: 
    * Summary: 
    +--------+----------+----------+------------+
    |  Clock |  Target  | Estimated| Uncertainty|
    +--------+----------+----------+------------+
    |ap_clk  | 10.00 ns | 6.508 ns |   1.25 ns  |
    +--------+----------+----------+------------+

+ Latency: 
    * Summary: 
    +---------+---------+-----------+-----------+------+------+---------+
    |  Latency (cycles) |   Latency (absolute)  |   Interval  | Pipeline|
    |   min   |   max   |    min    |    max    |  min |  max |   Type  |
    +---------+---------+-----------+-----------+------+------+---------+
    |     2402|     2402| 24.020 us | 24.020 us |  2402|  2402|   none  |
    +---------+---------+-----------+-----------+------+------+---------+

    + Detail: 
        * Instance: 
        N/A

        * Loop: 
        +----------+---------+---------+----------+-----------+-----------+------+----------+
        |          |  Latency (cycles) | Iteration|  Initiation Interval  | Trip |          |
        | Loop Name|   min   |   max   |  Latency |  achieved |   target  | Count| Pipelined|
        +----------+---------+---------+----------+-----------+-----------+------+----------+
        |- Loop 1  |     2400|     2400|        61|         60|          1|    40|    yes   |
        +----------+---------+---------+----------+-----------+-----------+------+----------+



================================================================
== Utilization Estimates
================================================================
* Summary: 
+-----------------+---------+-------+--------+-------+-----+
|       Name      | BRAM_18K| DSP48E|   FF   |  LUT  | URAM|
+-----------------+---------+-------+--------+-------+-----+
|DSP              |        -|      -|       -|      -|    -|
|Expression       |        -|      -|       0|   3138|    -|
|FIFO             |        -|      -|       -|      -|    -|
|Instance         |        -|      -|       -|      -|    -|
|Memory           |        -|      -|       -|      -|    -|
|Multiplexer      |        -|      -|       -|   1435|    -|
|Register         |        -|      -|    1182|      -|    -|
+-----------------+---------+-------+--------+-------+-----+
|Total            |        0|      0|    1182|   4573|    0|
+-----------------+---------+-------+--------+-------+-----+
|Available        |      280|    220|  106400|  53200|    0|
+-----------------+---------+-------+--------+-------+-----+
|Utilization (%)  |        0|      0|       1|      8|    0|
+-----------------+---------+-------+--------+-------+-----+

+ Detail: 
    * Instance: 
    N/A

    * DSP48E: 
    N/A

    * Memory: 
    N/A

    * FIFO: 
    N/A

    * Expression: 
    +--------------------------+----------+-------+---+----+------------+------------+
    |       Variable Name      | Operation| DSP48E| FF| LUT| Bitwidth P0| Bitwidth P1|
    +--------------------------+----------+-------+---+----+------------+------------+
    |add_ln203_100_fu_3973_p2  |     +    |      0|  0|  19|          14|           7|
    |add_ln203_101_fu_3983_p2  |     +    |      0|  0|  19|          14|           7|
    |add_ln203_102_fu_3993_p2  |     +    |      0|  0|  19|          14|           7|
    |add_ln203_103_fu_4003_p2  |     +    |      0|  0|  19|          14|           7|
    |add_ln203_104_fu_4013_p2  |     +    |      0|  0|  19|          14|           7|
    |add_ln203_105_fu_4023_p2  |     +    |      0|  0|  19|          14|           7|
    |add_ln203_106_fu_4033_p2  |     +    |      0|  0|  19|          14|           7|
    |add_ln203_107_fu_1991_p2  |     +    |      0|  0|  14|          10|          10|
    |add_ln203_108_fu_2175_p2  |     +    |      0|  0|  12|          12|           1|
    |add_ln203_109_fu_2185_p2  |     +    |      0|  0|  12|          12|           2|
    |add_ln203_10_fu_2713_p2   |     +    |      0|  0|  19|          14|           2|
    |add_ln203_110_fu_2293_p2  |     +    |      0|  0|  12|          12|           2|
    |add_ln203_111_fu_2369_p2  |     +    |      0|  0|  12|          12|           1|
    |add_ln203_112_fu_2379_p2  |     +    |      0|  0|  12|          12|           2|
    |add_ln203_113_fu_2409_p2  |     +    |      0|  0|  12|          12|           4|
    |add_ln203_114_fu_2419_p2  |     +    |      0|  0|  12|          12|           4|
    |add_ln203_115_fu_2468_p2  |     +    |      0|  0|  12|          12|           4|
    |add_ln203_116_fu_2478_p2  |     +    |      0|  0|  12|          12|           4|
    |add_ln203_117_fu_2526_p2  |     +    |      0|  0|  12|          12|           5|
    |add_ln203_118_fu_2536_p2  |     +    |      0|  0|  12|          12|           5|
    |add_ln203_119_fu_2566_p2  |     +    |      0|  0|  12|          12|           5|
    |add_ln203_11_fu_2743_p2   |     +    |      0|  0|  19|          14|           5|
    |add_ln203_120_fu_2576_p2  |     +    |      0|  0|  12|          12|           5|
    |add_ln203_121_fu_2625_p2  |     +    |      0|  0|  12|          12|           5|
    |add_ln203_122_fu_2635_p2  |     +    |      0|  0|  12|          12|           5|
    |add_ln203_123_fu_2683_p2  |     +    |      0|  0|  12|          12|           5|
    |add_ln203_124_fu_2693_p2  |     +    |      0|  0|  12|          12|           5|
    |add_ln203_125_fu_2723_p2  |     +    |      0|  0|  12|          12|           5|
    |add_ln203_126_fu_2733_p2  |     +    |      0|  0|  12|          12|           5|
    |add_ln203_127_fu_2763_p2  |     +    |      0|  0|  12|          12|           5|
    |add_ln203_128_fu_2773_p2  |     +    |      0|  0|  12|          12|           5|
    |add_ln203_129_fu_2803_p2  |     +    |      0|  0|  12|          12|           5|
    |add_ln203_12_fu_2753_p2   |     +    |      0|  0|  19|          14|           5|
    |add_ln203_130_fu_2813_p2  |     +    |      0|  0|  12|          12|           5|
    |add_ln203_131_fu_2843_p2  |     +    |      0|  0|  12|          12|           5|
    |add_ln203_132_fu_2853_p2  |     +    |      0|  0|  12|          12|           5|
    |add_ln203_133_fu_2883_p2  |     +    |      0|  0|  12|          12|           6|
    |add_ln203_134_fu_2893_p2  |     +    |      0|  0|  12|          12|           6|
    |add_ln203_135_fu_2923_p2  |     +    |      0|  0|  12|          12|           6|
    |add_ln203_136_fu_2933_p2  |     +    |      0|  0|  12|          12|           6|
    |add_ln203_137_fu_2963_p2  |     +    |      0|  0|  12|          12|           6|
    |add_ln203_138_fu_2973_p2  |     +    |      0|  0|  12|          12|           6|
    |add_ln203_139_fu_3003_p2  |     +    |      0|  0|  12|          12|           6|
    |add_ln203_13_fu_2783_p2   |     +    |      0|  0|  19|          14|           5|
    |add_ln203_140_fu_3013_p2  |     +    |      0|  0|  12|          12|           6|
    |add_ln203_141_fu_3043_p2  |     +    |      0|  0|  12|          12|           6|
    |add_ln203_142_fu_3053_p2  |     +    |      0|  0|  12|          12|           6|
    |add_ln203_143_fu_3083_p2  |     +    |      0|  0|  12|          12|           6|
    |add_ln203_144_fu_3093_p2  |     +    |      0|  0|  12|          12|           6|
    |add_ln203_145_fu_3123_p2  |     +    |      0|  0|  12|          12|           6|
    |add_ln203_146_fu_3133_p2  |     +    |      0|  0|  12|          12|           6|
    |add_ln203_147_fu_3163_p2  |     +    |      0|  0|  12|          12|           6|
    |add_ln203_148_fu_3173_p2  |     +    |      0|  0|  12|          12|           6|
    |add_ln203_149_fu_3203_p2  |     +    |      0|  0|  12|          12|           6|
    |add_ln203_14_fu_2793_p2   |     +    |      0|  0|  19|          14|           5|
    |add_ln203_150_fu_3213_p2  |     +    |      0|  0|  12|          12|           6|
    |add_ln203_151_fu_3243_p2  |     +    |      0|  0|  12|          12|           6|
    |add_ln203_152_fu_3253_p2  |     +    |      0|  0|  12|          12|           6|
    |add_ln203_153_fu_3283_p2  |     +    |      0|  0|  12|          12|           6|
    |add_ln203_154_fu_3293_p2  |     +    |      0|  0|  12|          12|           6|
    |add_ln203_155_fu_3323_p2  |     +    |      0|  0|  12|          12|           6|
    |add_ln203_156_fu_3333_p2  |     +    |      0|  0|  12|          12|           6|
    |add_ln203_157_fu_3363_p2  |     +    |      0|  0|  12|          12|           6|
    |add_ln203_158_fu_3373_p2  |     +    |      0|  0|  12|          12|           6|
    |add_ln203_159_fu_3403_p2  |     +    |      0|  0|  12|          12|           6|
    |add_ln203_15_fu_2823_p2   |     +    |      0|  0|  19|          14|           5|
    |add_ln203_160_fu_3413_p2  |     +    |      0|  0|  12|          12|           6|
    |add_ln203_16_fu_2833_p2   |     +    |      0|  0|  19|          14|           5|
    |add_ln203_17_fu_2863_p2   |     +    |      0|  0|  19|          14|           5|
    |add_ln203_18_fu_2873_p2   |     +    |      0|  0|  19|          14|           5|
    |add_ln203_19_fu_2903_p2   |     +    |      0|  0|  19|          14|           6|
    |add_ln203_1_fu_2195_p2    |     +    |      0|  0|  19|          14|           1|
    |add_ln203_20_fu_2913_p2   |     +    |      0|  0|  19|          14|           6|
    |add_ln203_21_fu_2943_p2   |     +    |      0|  0|  19|          14|           6|
    |add_ln203_22_fu_2953_p2   |     +    |      0|  0|  19|          14|           6|
    |add_ln203_23_fu_2983_p2   |     +    |      0|  0|  19|          14|           6|
    |add_ln203_24_fu_2993_p2   |     +    |      0|  0|  19|          14|           6|
    |add_ln203_25_fu_3023_p2   |     +    |      0|  0|  19|          14|           6|
    |add_ln203_26_fu_3033_p2   |     +    |      0|  0|  19|          14|           6|
    |add_ln203_27_fu_3063_p2   |     +    |      0|  0|  19|          14|           6|
    |add_ln203_28_fu_3073_p2   |     +    |      0|  0|  19|          14|           6|
    |add_ln203_29_fu_3103_p2   |     +    |      0|  0|  19|          14|           6|
    |add_ln203_2_fu_2205_p2    |     +    |      0|  0|  19|          14|           2|
    |add_ln203_30_fu_3113_p2   |     +    |      0|  0|  19|          14|           6|
    |add_ln203_31_fu_3143_p2   |     +    |      0|  0|  19|          14|           6|
    |add_ln203_32_fu_3153_p2   |     +    |      0|  0|  19|          14|           6|
    |add_ln203_33_fu_3183_p2   |     +    |      0|  0|  19|          14|           6|
    |add_ln203_34_fu_3193_p2   |     +    |      0|  0|  19|          14|           6|
    |add_ln203_35_fu_3223_p2   |     +    |      0|  0|  19|          14|           6|
    |add_ln203_36_fu_3233_p2   |     +    |      0|  0|  19|          14|           6|
    |add_ln203_37_fu_3263_p2   |     +    |      0|  0|  19|          14|           6|
    |add_ln203_38_fu_3273_p2   |     +    |      0|  0|  19|          14|           6|
    |add_ln203_39_fu_3303_p2   |     +    |      0|  0|  19|          14|           6|
    |add_ln203_3_fu_2331_p2    |     +    |      0|  0|  19|          14|           2|
    |add_ln203_40_fu_3313_p2   |     +    |      0|  0|  19|          14|           6|
    |add_ln203_41_fu_3343_p2   |     +    |      0|  0|  19|          14|           6|
    |add_ln203_42_fu_3353_p2   |     +    |      0|  0|  19|          14|           6|
    |add_ln203_43_fu_3383_p2   |     +    |      0|  0|  19|          14|           6|
    |add_ln203_44_fu_3393_p2   |     +    |      0|  0|  19|          14|           6|
    |add_ln203_45_fu_3423_p2   |     +    |      0|  0|  19|          14|           6|
    |add_ln203_46_fu_3433_p2   |     +    |      0|  0|  19|          14|           6|
    |add_ln203_47_fu_3443_p2   |     +    |      0|  0|  19|          14|           6|
    |add_ln203_48_fu_3453_p2   |     +    |      0|  0|  19|          14|           6|
    |add_ln203_49_fu_3463_p2   |     +    |      0|  0|  19|          14|           6|
    |add_ln203_4_fu_2389_p2    |     +    |      0|  0|  19|          14|           1|
    |add_ln203_50_fu_3473_p2   |     +    |      0|  0|  19|          14|           6|
    |add_ln203_51_fu_3483_p2   |     +    |      0|  0|  19|          14|           7|
    |add_ln203_52_fu_3493_p2   |     +    |      0|  0|  19|          14|           7|
    |add_ln203_53_fu_3503_p2   |     +    |      0|  0|  19|          14|           7|
    |add_ln203_54_fu_3513_p2   |     +    |      0|  0|  19|          14|           7|
    |add_ln203_55_fu_3523_p2   |     +    |      0|  0|  19|          14|           7|
    |add_ln203_56_fu_3533_p2   |     +    |      0|  0|  19|          14|           7|
    |add_ln203_57_fu_3543_p2   |     +    |      0|  0|  19|          14|           7|
    |add_ln203_58_fu_3553_p2   |     +    |      0|  0|  19|          14|           7|
    |add_ln203_59_fu_3563_p2   |     +    |      0|  0|  19|          14|           7|
    |add_ln203_5_fu_2399_p2    |     +    |      0|  0|  19|          14|           2|
    |add_ln203_60_fu_3573_p2   |     +    |      0|  0|  19|          14|           7|
    |add_ln203_61_fu_3583_p2   |     +    |      0|  0|  19|          14|           7|
    |add_ln203_62_fu_3593_p2   |     +    |      0|  0|  19|          14|           7|
    |add_ln203_63_fu_3603_p2   |     +    |      0|  0|  19|          14|           7|
    |add_ln203_64_fu_3613_p2   |     +    |      0|  0|  19|          14|           7|
    |add_ln203_65_fu_3623_p2   |     +    |      0|  0|  19|          14|           7|
    |add_ln203_66_fu_3633_p2   |     +    |      0|  0|  19|          14|           7|
    |add_ln203_67_fu_3643_p2   |     +    |      0|  0|  19|          14|           7|
    |add_ln203_68_fu_3653_p2   |     +    |      0|  0|  19|          14|           7|
    |add_ln203_69_fu_3663_p2   |     +    |      0|  0|  19|          14|           7|
    |add_ln203_6_fu_2546_p2    |     +    |      0|  0|  19|          14|           1|
    |add_ln203_70_fu_3673_p2   |     +    |      0|  0|  19|          14|           7|
    |add_ln203_71_fu_3683_p2   |     +    |      0|  0|  19|          14|           7|
    |add_ln203_72_fu_3693_p2   |     +    |      0|  0|  19|          14|           7|
    |add_ln203_73_fu_3703_p2   |     +    |      0|  0|  19|          14|           7|
    |add_ln203_74_fu_3713_p2   |     +    |      0|  0|  19|          14|           7|
    |add_ln203_75_fu_3723_p2   |     +    |      0|  0|  19|          14|           7|
    |add_ln203_76_fu_3733_p2   |     +    |      0|  0|  19|          14|           7|
    |add_ln203_77_fu_3743_p2   |     +    |      0|  0|  19|          14|           7|
    |add_ln203_78_fu_3753_p2   |     +    |      0|  0|  19|          14|           7|
    |add_ln203_79_fu_3763_p2   |     +    |      0|  0|  19|          14|           7|
    |add_ln203_7_fu_2556_p2    |     +    |      0|  0|  19|          14|           2|
    |add_ln203_80_fu_3773_p2   |     +    |      0|  0|  19|          14|           7|
    |add_ln203_81_fu_3783_p2   |     +    |      0|  0|  19|          14|           7|
    |add_ln203_82_fu_3793_p2   |     +    |      0|  0|  19|          14|           7|
    |add_ln203_83_fu_3803_p2   |     +    |      0|  0|  19|          14|           7|
    |add_ln203_84_fu_3813_p2   |     +    |      0|  0|  19|          14|           7|
    |add_ln203_85_fu_3823_p2   |     +    |      0|  0|  19|          14|           7|
    |add_ln203_86_fu_3833_p2   |     +    |      0|  0|  19|          14|           7|
    |add_ln203_87_fu_3843_p2   |     +    |      0|  0|  19|          14|           7|
    |add_ln203_88_fu_3853_p2   |     +    |      0|  0|  19|          14|           7|
    |add_ln203_89_fu_3863_p2   |     +    |      0|  0|  19|          14|           7|
    |add_ln203_8_fu_2645_p2    |     +    |      0|  0|  19|          14|           2|
    |add_ln203_90_fu_3873_p2   |     +    |      0|  0|  19|          14|           7|
    |add_ln203_91_fu_3883_p2   |     +    |      0|  0|  19|          14|           7|
    |add_ln203_92_fu_3893_p2   |     +    |      0|  0|  19|          14|           7|
    |add_ln203_93_fu_3903_p2   |     +    |      0|  0|  19|          14|           7|
    |add_ln203_94_fu_3913_p2   |     +    |      0|  0|  19|          14|           7|
    |add_ln203_95_fu_3923_p2   |     +    |      0|  0|  19|          14|           7|
    |add_ln203_96_fu_3933_p2   |     +    |      0|  0|  19|          14|           7|
    |add_ln203_97_fu_3943_p2   |     +    |      0|  0|  19|          14|           7|
    |add_ln203_98_fu_3953_p2   |     +    |      0|  0|  19|          14|           7|
    |add_ln203_99_fu_3963_p2   |     +    |      0|  0|  19|          14|           7|
    |add_ln203_9_fu_2703_p2    |     +    |      0|  0|  19|          14|           1|
    |add_ln203_fu_2059_p2      |     +    |      0|  0|  12|          12|          12|
    |r_fu_1947_p2              |     +    |      0|  0|  15|           6|           1|
    |sub_ln203_10_fu_2232_p2   |     -    |      0|  0|  12|          12|          12|
    |sub_ln203_11_fu_2320_p2   |     -    |      0|  0|  12|          12|          12|
    |sub_ln203_1_fu_2164_p2    |     -    |      0|  0|  19|          14|          14|
    |sub_ln203_2_fu_2271_p2    |     -    |      0|  0|  19|          14|          14|
    |sub_ln203_3_fu_2358_p2    |     -    |      0|  0|  19|          14|          14|
    |sub_ln203_4_fu_2446_p2    |     -    |      0|  0|  19|          14|          14|
    |sub_ln203_5_fu_2515_p2    |     -    |      0|  0|  19|          14|          14|
    |sub_ln203_6_fu_2603_p2    |     -    |      0|  0|  19|          14|          14|
    |sub_ln203_7_fu_2672_p2    |     -    |      0|  0|  19|          14|          14|
    |sub_ln203_8_fu_2009_p2    |     -    |      0|  0|  12|          12|          12|
    |sub_ln203_9_fu_2126_p2    |     -    |      0|  0|  12|          12|          12|
    |sub_ln203_fu_2077_p2      |     -    |      0|  0|  19|          14|          14|
    |icmp_ln14_fu_1941_p2      |   icmp   |      0|  0|  11|           6|           6|
    |or_ln203_10_fu_2586_p2    |    or    |      0|  0|  12|           3|          12|
    |or_ln203_11_fu_2614_p2    |    or    |      0|  0|  14|          14|           1|
    |or_ln203_12_fu_2655_p2    |    or    |      0|  0|  12|           3|          12|
    |or_ln203_13_fu_2020_p2    |    or    |      0|  0|  12|          12|           1|
    |or_ln203_14_fu_2099_p2    |    or    |      0|  0|  12|          12|           2|
    |or_ln203_15_fu_2109_p2    |    or    |      0|  0|  10|           1|          10|
    |or_ln203_16_fu_2215_p2    |    or    |      0|  0|  10|           2|          10|
    |or_ln203_17_fu_2243_p2    |    or    |      0|  0|  12|          12|           1|
    |or_ln203_18_fu_2303_p2    |    or    |      0|  0|  10|           2|          10|
    |or_ln203_1_fu_2137_p2     |    or    |      0|  0|  14|          14|           2|
    |or_ln203_2_fu_2147_p2     |    or    |      0|  0|  12|           1|          12|
    |or_ln203_3_fu_2254_p2     |    or    |      0|  0|  12|           2|          12|
    |or_ln203_4_fu_2282_p2     |    or    |      0|  0|  14|          14|           1|
    |or_ln203_5_fu_2341_p2     |    or    |      0|  0|  12|           2|          12|
    |or_ln203_6_fu_2429_p2     |    or    |      0|  0|  12|           3|          12|
    |or_ln203_7_fu_2457_p2     |    or    |      0|  0|  14|          14|           1|
    |or_ln203_8_fu_2488_p2     |    or    |      0|  0|  14|          14|           2|
    |or_ln203_9_fu_2498_p2     |    or    |      0|  0|  12|           3|          12|
    |or_ln203_fu_2088_p2       |    or    |      0|  0|  14|          14|           1|
    |ap_enable_pp0             |    xor   |      0|  0|   2|           1|           2|
    +--------------------------+----------+-------+---+----+------------+------------+
    |Total                     |          |      0|  0|3138|        2457|        1229|
    +--------------------------+----------+-------+---+----+------------+------------+

    * Multiplexer: 
    +-------------------------------+-----+-----------+-----+-----------+
    |              Name             | LUT | Input Size| Bits| Total Bits|
    +-------------------------------+-----+-----------+-----+-----------+
    |ap_NS_fsm                      |  269|         63|    1|         63|
    |ap_enable_reg_pp0_iter1        |    9|          2|    1|          2|
    |ap_phi_mux_r_0_phi_fu_1838_p4  |    9|          2|    6|         12|
    |input_V_address0               |  141|         31|   11|        341|
    |input_V_address1               |  141|         31|   11|        341|
    |output_V_address0              |  261|         61|   13|        793|
    |output_V_address1              |  261|         61|   13|        793|
    |output_V_d0                    |  145|         32|   32|       1024|
    |output_V_d1                    |  145|         32|   32|       1024|
    |r_0_reg_1834                   |    9|          2|    6|         12|
    |reg_1858                       |    9|          2|   32|         64|
    |reg_1877                       |    9|          2|   32|         64|
    |reg_1896                       |    9|          2|   32|         64|
    |reg_1915                       |    9|          2|   32|         64|
    |reg_1934                       |    9|          2|   32|         64|
    +-------------------------------+-----+-----------+-----+-----------+
    |Total                          | 1435|        327|  286|       4725|
    +-------------------------------+-----+-----------+-----+-----------+

    * Register: 
    +--------------------------+----+----+-----+-----------+
    |           Name           | FF | LUT| Bits| Const Bits|
    +--------------------------+----+----+-----+-----------+
    |add_ln203_107_reg_4052    |   8|   0|   10|          2|
    |add_ln203_reg_4122        |   9|   0|   12|          3|
    |ap_CS_fsm                 |  62|   0|   62|          0|
    |ap_enable_reg_pp0_iter0   |   1|   0|    1|          0|
    |ap_enable_reg_pp0_iter1   |   1|   0|    1|          0|
    |icmp_ln14_reg_4043        |   1|   0|    1|          0|
    |input_V_load_30_reg_4450  |  32|   0|   32|          0|
    |input_V_load_31_reg_4456  |  32|   0|   32|          0|
    |input_V_load_33_reg_4472  |  32|   0|   32|          0|
    |input_V_load_36_reg_4498  |  32|   0|   32|          0|
    |input_V_load_37_reg_4504  |  32|   0|   32|          0|
    |input_V_load_39_reg_4520  |  32|   0|   32|          0|
    |input_V_load_42_reg_4546  |  32|   0|   32|          0|
    |input_V_load_43_reg_4552  |  32|   0|   32|          0|
    |input_V_load_45_reg_4568  |  32|   0|   32|          0|
    |input_V_load_48_reg_4594  |  32|   0|   32|          0|
    |input_V_load_49_reg_4600  |  32|   0|   32|          0|
    |input_V_load_51_reg_4616  |  32|   0|   32|          0|
    |input_V_load_54_reg_4642  |  32|   0|   32|          0|
    |input_V_load_55_reg_4648  |  32|   0|   32|          0|
    |input_V_load_57_reg_4664  |  32|   0|   32|          0|
    |r_0_reg_1834              |   6|   0|    6|          0|
    |r_reg_4047                |   6|   0|    6|          0|
    |reg_1846                  |  32|   0|   32|          0|
    |reg_1852                  |  32|   0|   32|          0|
    |reg_1858                  |  32|   0|   32|          0|
    |reg_1865                  |  32|   0|   32|          0|
    |reg_1871                  |  32|   0|   32|          0|
    |reg_1877                  |  32|   0|   32|          0|
    |reg_1884                  |  32|   0|   32|          0|
    |reg_1890                  |  32|   0|   32|          0|
    |reg_1896                  |  32|   0|   32|          0|
    |reg_1903                  |  32|   0|   32|          0|
    |reg_1909                  |  32|   0|   32|          0|
    |reg_1915                  |  32|   0|   32|          0|
    |reg_1922                  |  32|   0|   32|          0|
    |reg_1928                  |  32|   0|   32|          0|
    |reg_1934                  |  32|   0|   32|          0|
    |sub_ln203_10_reg_4266     |  10|   0|   12|          2|
    |sub_ln203_11_reg_4291     |  10|   0|   12|          2|
    |sub_ln203_1_reg_4250      |  11|   0|   14|          3|
    |sub_ln203_2_reg_4281      |  11|   0|   14|          3|
    |sub_ln203_3_reg_4302      |  11|   0|   14|          3|
    |sub_ln203_4_reg_4328      |  11|   0|   14|          3|
    |sub_ln203_5_reg_4343      |  11|   0|   14|          3|
    |sub_ln203_6_reg_4369      |  11|   0|   14|          3|
    |sub_ln203_7_reg_4384      |  11|   0|   14|          3|
    |sub_ln203_8_reg_4059      |  10|   0|   12|          2|
    |sub_ln203_9_reg_4239      |  10|   0|   12|          2|
    |sub_ln203_reg_4133        |  11|   0|   14|          3|
    +--------------------------+----+----+-----+-----------+
    |Total                     |1182|   0| 1219|         37|
    +--------------------------+----+----+-----+-----------+



================================================================
== Interface
================================================================
* Summary: 
+-------------------+-----+-----+------------+---------------------+--------------+
|     RTL Ports     | Dir | Bits|  Protocol  |    Source Object    |    C Type    |
+-------------------+-----+-----+------------+---------------------+--------------+
|ap_clk             |  in |    1| ap_ctrl_hs | upsample<20, 20, 2> | return value |
|ap_rst             |  in |    1| ap_ctrl_hs | upsample<20, 20, 2> | return value |
|ap_start           |  in |    1| ap_ctrl_hs | upsample<20, 20, 2> | return value |
|ap_done            | out |    1| ap_ctrl_hs | upsample<20, 20, 2> | return value |
|ap_idle            | out |    1| ap_ctrl_hs | upsample<20, 20, 2> | return value |
|ap_ready           | out |    1| ap_ctrl_hs | upsample<20, 20, 2> | return value |
|input_V_address0   | out |   11|  ap_memory |       input_V       |     array    |
|input_V_ce0        | out |    1|  ap_memory |       input_V       |     array    |
|input_V_q0         |  in |   32|  ap_memory |       input_V       |     array    |
|input_V_address1   | out |   11|  ap_memory |       input_V       |     array    |
|input_V_ce1        | out |    1|  ap_memory |       input_V       |     array    |
|input_V_q1         |  in |   32|  ap_memory |       input_V       |     array    |
|output_V_address0  | out |   13|  ap_memory |       output_V      |     array    |
|output_V_ce0       | out |    1|  ap_memory |       output_V      |     array    |
|output_V_we0       | out |    1|  ap_memory |       output_V      |     array    |
|output_V_d0        | out |   32|  ap_memory |       output_V      |     array    |
|output_V_address1  | out |   13|  ap_memory |       output_V      |     array    |
|output_V_ce1       | out |    1|  ap_memory |       output_V      |     array    |
|output_V_we1       | out |    1|  ap_memory |       output_V      |     array    |
|output_V_d1        | out |   32|  ap_memory |       output_V      |     array    |
+-------------------+-----+-----+------------+---------------------+--------------+

