

================================================================
== Vivado HLS Report for 'upsample_20_20_2_s'
================================================================
* Date:           Sat Nov 30 16:14:20 2024

* Version:        2019.2 (Build 2704478 on Wed Nov 06 22:10:23 MST 2019)
* Project:        superres.prj
* Solution:       solution1
* Product family: zynq
* Target device:  xc7z020-clg484-1


================================================================
== Performance Estimates
================================================================
+ Timing: 
    * Summary: 
    +--------+----------+----------+------------+
    |  Clock |  Target  | Estimated| Uncertainty|
    +--------+----------+----------+------------+
    |ap_clk  | 10.00 ns | 5.576 ns |   1.25 ns  |
    +--------+----------+----------+------------+

+ Latency: 
    * Summary: 
    +---------+---------+----------+----------+-----+-----+---------+
    |  Latency (cycles) |  Latency (absolute) |  Interval | Pipeline|
    |   min   |   max   |    min   |    max   | min | max |   Type  |
    +---------+---------+----------+----------+-----+-----+---------+
    |       82|       82| 0.820 us | 0.820 us |   82|   82|   none  |
    +---------+---------+----------+----------+-----+-----+---------+

    + Detail: 
        * Instance: 
        N/A

        * Loop: 
        +----------+---------+---------+----------+-----------+-----------+------+----------+
        |          |  Latency (cycles) | Iteration|  Initiation Interval  | Trip |          |
        | Loop Name|   min   |   max   |  Latency |  achieved |   target  | Count| Pipelined|
        +----------+---------+---------+----------+-----------+-----------+------+----------+
        |- Loop 1  |       80|       80|         3|          2|          1|    40|    yes   |
        +----------+---------+---------+----------+-----------+-----------+------+----------+



================================================================
== Utilization Estimates
================================================================
* Summary: 
+-----------------+---------+-------+--------+-------+-----+
|       Name      | BRAM_18K| DSP48E|   FF   |  LUT  | URAM|
+-----------------+---------+-------+--------+-------+-----+
|DSP              |        -|      -|       -|      -|    -|
|Expression       |        -|      -|       0|     58|    -|
|FIFO             |        -|      -|       -|      -|    -|
|Instance         |        -|      -|       -|      -|    -|
|Memory           |        -|      -|       -|      -|    -|
|Multiplexer      |        -|      -|       -|   1854|    -|
|Register         |        -|      -|     625|      -|    -|
+-----------------+---------+-------+--------+-------+-----+
|Total            |        0|      0|     625|   1912|    0|
+-----------------+---------+-------+--------+-------+-----+
|Available        |      280|    220|  106400|  53200|    0|
+-----------------+---------+-------+--------+-------+-----+
|Utilization (%)  |        0|      0|   ~0   |      3|    0|
+-----------------+---------+-------+--------+-------+-----+

+ Detail: 
    * Instance: 
    N/A

    * DSP48E: 
    N/A

    * Memory: 
    N/A

    * FIFO: 
    N/A

    * Expression: 
    +-----------------------+----------+-------+---+----+------------+------------+
    |     Variable Name     | Operation| DSP48E| FF| LUT| Bitwidth P0| Bitwidth P1|
    +-----------------------+----------+-------+---+----+------------+------------+
    |r_fu_2231_p2           |     +    |      0|  0|  15|           6|           1|
    |icmp_ln18_fu_2225_p2   |   icmp   |      0|  0|  11|           6|           6|
    |or_ln203_1_fu_2417_p2  |    or    |      0|  0|   8|           8|           2|
    |or_ln203_2_fu_2460_p2  |    or    |      0|  0|   8|           8|           2|
    |or_ln203_3_fu_2297_p2  |    or    |      0|  0|   6|           6|           1|
    |or_ln203_fu_2374_p2    |    or    |      0|  0|   8|           8|           1|
    |ap_enable_pp0          |    xor   |      0|  0|   2|           1|           2|
    +-----------------------+----------+-------+---+----+------------+------------+
    |Total                  |          |      0|  0|  58|          43|          15|
    +-----------------------+----------+-------+---+----+------------+------------+

    * Multiplexer: 
    +-------------------------------+----+-----------+-----+-----------+
    |              Name             | LUT| Input Size| Bits| Total Bits|
    +-------------------------------+----+-----------+-----+-----------+
    |ap_NS_fsm                      |  27|          5|    1|          5|
    |ap_enable_reg_pp0_iter1        |   9|          2|    1|          2|
    |ap_phi_mux_r_0_phi_fu_2218_p4  |   9|          2|    6|         12|
    |output_0_0_V_address0          |  15|          3|    8|         24|
    |output_0_0_V_address1          |  15|          3|    8|         24|
    |output_0_0_V_d0                |  15|          3|   20|         60|
    |output_0_0_V_d1                |  15|          3|   20|         60|
    |output_0_1_V_address0          |  15|          3|    8|         24|
    |output_0_1_V_address1          |  15|          3|    8|         24|
    |output_0_1_V_d0                |  15|          3|   20|         60|
    |output_0_1_V_d1                |  15|          3|   20|         60|
    |output_0_2_V_address0          |  15|          3|    8|         24|
    |output_0_2_V_address1          |  15|          3|    8|         24|
    |output_0_2_V_d0                |  15|          3|   20|         60|
    |output_0_2_V_d1                |  15|          3|   20|         60|
    |output_1_0_V_address0          |  15|          3|    8|         24|
    |output_1_0_V_address1          |  15|          3|    8|         24|
    |output_1_0_V_d0                |  15|          3|   20|         60|
    |output_1_0_V_d1                |  15|          3|   20|         60|
    |output_1_1_V_address0          |  15|          3|    8|         24|
    |output_1_1_V_address1          |  15|          3|    8|         24|
    |output_1_1_V_d0                |  15|          3|   20|         60|
    |output_1_1_V_d1                |  15|          3|   20|         60|
    |output_1_2_V_address0          |  15|          3|    8|         24|
    |output_1_2_V_address1          |  15|          3|    8|         24|
    |output_1_2_V_d0                |  15|          3|   20|         60|
    |output_1_2_V_d1                |  15|          3|   20|         60|
    |output_2_0_V_address0          |  15|          3|    8|         24|
    |output_2_0_V_address1          |  15|          3|    8|         24|
    |output_2_0_V_d0                |  15|          3|   20|         60|
    |output_2_0_V_d1                |  15|          3|   20|         60|
    |output_2_1_V_address0          |  15|          3|    8|         24|
    |output_2_1_V_address1          |  15|          3|    8|         24|
    |output_2_1_V_d0                |  15|          3|   20|         60|
    |output_2_1_V_d1                |  15|          3|   20|         60|
    |output_2_2_V_address0          |  15|          3|    8|         24|
    |output_2_2_V_address1          |  15|          3|    8|         24|
    |output_2_2_V_d0                |  15|          3|   20|         60|
    |output_2_2_V_d1                |  15|          3|   20|         60|
    |output_3_0_V_address0          |  15|          3|    8|         24|
    |output_3_0_V_address1          |  15|          3|    8|         24|
    |output_3_0_V_d0                |  15|          3|   20|         60|
    |output_3_0_V_d1                |  15|          3|   20|         60|
    |output_3_1_V_address0          |  15|          3|    8|         24|
    |output_3_1_V_address1          |  15|          3|    8|         24|
    |output_3_1_V_d0                |  15|          3|   20|         60|
    |output_3_1_V_d1                |  15|          3|   20|         60|
    |output_3_2_V_address0          |  15|          3|    8|         24|
    |output_3_2_V_address1          |  15|          3|    8|         24|
    |output_3_2_V_d0                |  15|          3|   20|         60|
    |output_3_2_V_d1                |  15|          3|   20|         60|
    |output_4_0_V_address0          |  15|          3|    8|         24|
    |output_4_0_V_address1          |  15|          3|    8|         24|
    |output_4_0_V_d0                |  15|          3|   20|         60|
    |output_4_0_V_d1                |  15|          3|   20|         60|
    |output_4_1_V_address0          |  15|          3|    8|         24|
    |output_4_1_V_address1          |  15|          3|    8|         24|
    |output_4_1_V_d0                |  15|          3|   20|         60|
    |output_4_1_V_d1                |  15|          3|   20|         60|
    |output_4_2_V_address0          |  15|          3|    8|         24|
    |output_4_2_V_address1          |  15|          3|    8|         24|
    |output_4_2_V_d0                |  15|          3|   20|         60|
    |output_4_2_V_d1                |  15|          3|   20|         60|
    |output_5_0_V_address0          |  15|          3|    8|         24|
    |output_5_0_V_address1          |  15|          3|    8|         24|
    |output_5_0_V_d0                |  15|          3|   20|         60|
    |output_5_0_V_d1                |  15|          3|   20|         60|
    |output_5_1_V_address0          |  15|          3|    8|         24|
    |output_5_1_V_address1          |  15|          3|    8|         24|
    |output_5_1_V_d0                |  15|          3|   20|         60|
    |output_5_1_V_d1                |  15|          3|   20|         60|
    |output_5_2_V_address0          |  15|          3|    8|         24|
    |output_5_2_V_address1          |  15|          3|    8|         24|
    |output_5_2_V_d0                |  15|          3|   20|         60|
    |output_5_2_V_d1                |  15|          3|   20|         60|
    |output_6_0_V_address0          |  15|          3|    8|         24|
    |output_6_0_V_address1          |  15|          3|    8|         24|
    |output_6_0_V_d0                |  15|          3|   20|         60|
    |output_6_0_V_d1                |  15|          3|   20|         60|
    |output_6_1_V_address0          |  15|          3|    8|         24|
    |output_6_1_V_address1          |  15|          3|    8|         24|
    |output_6_1_V_d0                |  15|          3|   20|         60|
    |output_6_1_V_d1                |  15|          3|   20|         60|
    |output_6_2_V_address0          |  15|          3|    8|         24|
    |output_6_2_V_address1          |  15|          3|    8|         24|
    |output_6_2_V_d0                |  15|          3|   20|         60|
    |output_6_2_V_d1                |  15|          3|   20|         60|
    |output_7_0_V_address0          |  15|          3|    8|         24|
    |output_7_0_V_address1          |  15|          3|    8|         24|
    |output_7_0_V_d0                |  15|          3|   20|         60|
    |output_7_0_V_d1                |  15|          3|   20|         60|
    |output_7_1_V_address0          |  15|          3|    8|         24|
    |output_7_1_V_address1          |  15|          3|    8|         24|
    |output_7_1_V_d0                |  15|          3|   20|         60|
    |output_7_1_V_d1                |  15|          3|   20|         60|
    |output_7_2_V_address0          |  15|          3|    8|         24|
    |output_7_2_V_address1          |  15|          3|    8|         24|
    |output_7_2_V_d0                |  15|          3|   20|         60|
    |output_7_2_V_d1                |  15|          3|   20|         60|
    |output_8_0_V_address0          |  15|          3|    8|         24|
    |output_8_0_V_address1          |  15|          3|    8|         24|
    |output_8_0_V_d0                |  15|          3|   20|         60|
    |output_8_0_V_d1                |  15|          3|   20|         60|
    |output_8_1_V_address0          |  15|          3|    8|         24|
    |output_8_1_V_address1          |  15|          3|    8|         24|
    |output_8_1_V_d0                |  15|          3|   20|         60|
    |output_8_1_V_d1                |  15|          3|   20|         60|
    |output_8_2_V_address0          |  15|          3|    8|         24|
    |output_8_2_V_address1          |  15|          3|    8|         24|
    |output_8_2_V_d0                |  15|          3|   20|         60|
    |output_8_2_V_d1                |  15|          3|   20|         60|
    |output_9_0_V_address0          |  15|          3|    8|         24|
    |output_9_0_V_address1          |  15|          3|    8|         24|
    |output_9_0_V_d0                |  15|          3|   20|         60|
    |output_9_0_V_d1                |  15|          3|   20|         60|
    |output_9_1_V_address0          |  15|          3|    8|         24|
    |output_9_1_V_address1          |  15|          3|    8|         24|
    |output_9_1_V_d0                |  15|          3|   20|         60|
    |output_9_1_V_d1                |  15|          3|   20|         60|
    |output_9_2_V_address0          |  15|          3|    8|         24|
    |output_9_2_V_address1          |  15|          3|    8|         24|
    |output_9_2_V_d0                |  15|          3|   20|         60|
    |output_9_2_V_d1                |  15|          3|   20|         60|
    |r_0_reg_2214                   |   9|          2|    6|         12|
    +-------------------------------+----+-----------+-----+-----------+
    |Total                          |1854|        371| 1694|       5071|
    +-------------------------------+----+-----------+-----+-----------+

    * Register: 
    +-----------------------------+----+----+-----+-----------+
    |             Name            | FF | LUT| Bits| Const Bits|
    +-----------------------------+----+----+-----+-----------+
    |ap_CS_fsm                    |   4|   0|    4|          0|
    |ap_enable_reg_pp0_iter0      |   1|   0|    1|          0|
    |ap_enable_reg_pp0_iter1      |   1|   0|    1|          0|
    |icmp_ln18_reg_2503           |   1|   0|    1|          0|
    |input_0_0_V_load_1_reg_2820  |  20|   0|   20|          0|
    |input_0_1_V_load_1_reg_2826  |  20|   0|   20|          0|
    |input_0_2_V_load_1_reg_2832  |  20|   0|   20|          0|
    |input_1_0_V_load_1_reg_2838  |  20|   0|   20|          0|
    |input_1_1_V_load_1_reg_2844  |  20|   0|   20|          0|
    |input_1_2_V_load_1_reg_2850  |  20|   0|   20|          0|
    |input_2_0_V_load_1_reg_2856  |  20|   0|   20|          0|
    |input_2_1_V_load_1_reg_2862  |  20|   0|   20|          0|
    |input_2_2_V_load_1_reg_2868  |  20|   0|   20|          0|
    |input_3_0_V_load_1_reg_2874  |  20|   0|   20|          0|
    |input_3_1_V_load_1_reg_2880  |  20|   0|   20|          0|
    |input_3_2_V_load_1_reg_2886  |  20|   0|   20|          0|
    |input_4_0_V_load_1_reg_2892  |  20|   0|   20|          0|
    |input_4_1_V_load_1_reg_2898  |  20|   0|   20|          0|
    |input_4_2_V_load_1_reg_2904  |  20|   0|   20|          0|
    |input_5_0_V_load_1_reg_2910  |  20|   0|   20|          0|
    |input_5_1_V_load_1_reg_2916  |  20|   0|   20|          0|
    |input_5_2_V_load_1_reg_2922  |  20|   0|   20|          0|
    |input_6_0_V_load_1_reg_2928  |  20|   0|   20|          0|
    |input_6_1_V_load_1_reg_2934  |  20|   0|   20|          0|
    |input_6_2_V_load_1_reg_2940  |  20|   0|   20|          0|
    |input_7_0_V_load_1_reg_2946  |  20|   0|   20|          0|
    |input_7_1_V_load_1_reg_2952  |  20|   0|   20|          0|
    |input_7_2_V_load_1_reg_2958  |  20|   0|   20|          0|
    |input_8_0_V_load_1_reg_2964  |  20|   0|   20|          0|
    |input_8_1_V_load_1_reg_2970  |  20|   0|   20|          0|
    |input_8_2_V_load_1_reg_2976  |  20|   0|   20|          0|
    |input_9_0_V_load_1_reg_2982  |  20|   0|   20|          0|
    |input_9_1_V_load_1_reg_2988  |  20|   0|   20|          0|
    |input_9_2_V_load_1_reg_2994  |  20|   0|   20|          0|
    |r_0_reg_2214                 |   6|   0|    6|          0|
    |r_reg_2507                   |   6|   0|    6|          0|
    |tmp_1_reg_2512               |   6|   0|    8|          2|
    +-----------------------------+----+----+-----+-----------+
    |Total                        | 625|   0|  627|          2|
    +-----------------------------+----+----+-----+-----------+



================================================================
== Interface
================================================================
* Summary: 
+-----------------------+-----+-----+------------+---------------------+--------------+
|       RTL Ports       | Dir | Bits|  Protocol  |    Source Object    |    C Type    |
+-----------------------+-----+-----+------------+---------------------+--------------+
|ap_clk                 |  in |    1| ap_ctrl_hs | upsample<20, 20, 2> | return value |
|ap_rst                 |  in |    1| ap_ctrl_hs | upsample<20, 20, 2> | return value |
|ap_start               |  in |    1| ap_ctrl_hs | upsample<20, 20, 2> | return value |
|ap_done                | out |    1| ap_ctrl_hs | upsample<20, 20, 2> | return value |
|ap_idle                | out |    1| ap_ctrl_hs | upsample<20, 20, 2> | return value |
|ap_ready               | out |    1| ap_ctrl_hs | upsample<20, 20, 2> | return value |
|input_0_0_V_address0   | out |    6|  ap_memory |     input_0_0_V     |     array    |
|input_0_0_V_ce0        | out |    1|  ap_memory |     input_0_0_V     |     array    |
|input_0_0_V_q0         |  in |   20|  ap_memory |     input_0_0_V     |     array    |
|input_0_0_V_address1   | out |    6|  ap_memory |     input_0_0_V     |     array    |
|input_0_0_V_ce1        | out |    1|  ap_memory |     input_0_0_V     |     array    |
|input_0_0_V_q1         |  in |   20|  ap_memory |     input_0_0_V     |     array    |
|input_0_1_V_address0   | out |    6|  ap_memory |     input_0_1_V     |     array    |
|input_0_1_V_ce0        | out |    1|  ap_memory |     input_0_1_V     |     array    |
|input_0_1_V_q0         |  in |   20|  ap_memory |     input_0_1_V     |     array    |
|input_0_1_V_address1   | out |    6|  ap_memory |     input_0_1_V     |     array    |
|input_0_1_V_ce1        | out |    1|  ap_memory |     input_0_1_V     |     array    |
|input_0_1_V_q1         |  in |   20|  ap_memory |     input_0_1_V     |     array    |
|input_0_2_V_address0   | out |    6|  ap_memory |     input_0_2_V     |     array    |
|input_0_2_V_ce0        | out |    1|  ap_memory |     input_0_2_V     |     array    |
|input_0_2_V_q0         |  in |   20|  ap_memory |     input_0_2_V     |     array    |
|input_0_2_V_address1   | out |    6|  ap_memory |     input_0_2_V     |     array    |
|input_0_2_V_ce1        | out |    1|  ap_memory |     input_0_2_V     |     array    |
|input_0_2_V_q1         |  in |   20|  ap_memory |     input_0_2_V     |     array    |
|input_1_0_V_address0   | out |    6|  ap_memory |     input_1_0_V     |     array    |
|input_1_0_V_ce0        | out |    1|  ap_memory |     input_1_0_V     |     array    |
|input_1_0_V_q0         |  in |   20|  ap_memory |     input_1_0_V     |     array    |
|input_1_0_V_address1   | out |    6|  ap_memory |     input_1_0_V     |     array    |
|input_1_0_V_ce1        | out |    1|  ap_memory |     input_1_0_V     |     array    |
|input_1_0_V_q1         |  in |   20|  ap_memory |     input_1_0_V     |     array    |
|input_1_1_V_address0   | out |    6|  ap_memory |     input_1_1_V     |     array    |
|input_1_1_V_ce0        | out |    1|  ap_memory |     input_1_1_V     |     array    |
|input_1_1_V_q0         |  in |   20|  ap_memory |     input_1_1_V     |     array    |
|input_1_1_V_address1   | out |    6|  ap_memory |     input_1_1_V     |     array    |
|input_1_1_V_ce1        | out |    1|  ap_memory |     input_1_1_V     |     array    |
|input_1_1_V_q1         |  in |   20|  ap_memory |     input_1_1_V     |     array    |
|input_1_2_V_address0   | out |    6|  ap_memory |     input_1_2_V     |     array    |
|input_1_2_V_ce0        | out |    1|  ap_memory |     input_1_2_V     |     array    |
|input_1_2_V_q0         |  in |   20|  ap_memory |     input_1_2_V     |     array    |
|input_1_2_V_address1   | out |    6|  ap_memory |     input_1_2_V     |     array    |
|input_1_2_V_ce1        | out |    1|  ap_memory |     input_1_2_V     |     array    |
|input_1_2_V_q1         |  in |   20|  ap_memory |     input_1_2_V     |     array    |
|input_2_0_V_address0   | out |    6|  ap_memory |     input_2_0_V     |     array    |
|input_2_0_V_ce0        | out |    1|  ap_memory |     input_2_0_V     |     array    |
|input_2_0_V_q0         |  in |   20|  ap_memory |     input_2_0_V     |     array    |
|input_2_0_V_address1   | out |    6|  ap_memory |     input_2_0_V     |     array    |
|input_2_0_V_ce1        | out |    1|  ap_memory |     input_2_0_V     |     array    |
|input_2_0_V_q1         |  in |   20|  ap_memory |     input_2_0_V     |     array    |
|input_2_1_V_address0   | out |    6|  ap_memory |     input_2_1_V     |     array    |
|input_2_1_V_ce0        | out |    1|  ap_memory |     input_2_1_V     |     array    |
|input_2_1_V_q0         |  in |   20|  ap_memory |     input_2_1_V     |     array    |
|input_2_1_V_address1   | out |    6|  ap_memory |     input_2_1_V     |     array    |
|input_2_1_V_ce1        | out |    1|  ap_memory |     input_2_1_V     |     array    |
|input_2_1_V_q1         |  in |   20|  ap_memory |     input_2_1_V     |     array    |
|input_2_2_V_address0   | out |    6|  ap_memory |     input_2_2_V     |     array    |
|input_2_2_V_ce0        | out |    1|  ap_memory |     input_2_2_V     |     array    |
|input_2_2_V_q0         |  in |   20|  ap_memory |     input_2_2_V     |     array    |
|input_2_2_V_address1   | out |    6|  ap_memory |     input_2_2_V     |     array    |
|input_2_2_V_ce1        | out |    1|  ap_memory |     input_2_2_V     |     array    |
|input_2_2_V_q1         |  in |   20|  ap_memory |     input_2_2_V     |     array    |
|input_3_0_V_address0   | out |    6|  ap_memory |     input_3_0_V     |     array    |
|input_3_0_V_ce0        | out |    1|  ap_memory |     input_3_0_V     |     array    |
|input_3_0_V_q0         |  in |   20|  ap_memory |     input_3_0_V     |     array    |
|input_3_0_V_address1   | out |    6|  ap_memory |     input_3_0_V     |     array    |
|input_3_0_V_ce1        | out |    1|  ap_memory |     input_3_0_V     |     array    |
|input_3_0_V_q1         |  in |   20|  ap_memory |     input_3_0_V     |     array    |
|input_3_1_V_address0   | out |    6|  ap_memory |     input_3_1_V     |     array    |
|input_3_1_V_ce0        | out |    1|  ap_memory |     input_3_1_V     |     array    |
|input_3_1_V_q0         |  in |   20|  ap_memory |     input_3_1_V     |     array    |
|input_3_1_V_address1   | out |    6|  ap_memory |     input_3_1_V     |     array    |
|input_3_1_V_ce1        | out |    1|  ap_memory |     input_3_1_V     |     array    |
|input_3_1_V_q1         |  in |   20|  ap_memory |     input_3_1_V     |     array    |
|input_3_2_V_address0   | out |    6|  ap_memory |     input_3_2_V     |     array    |
|input_3_2_V_ce0        | out |    1|  ap_memory |     input_3_2_V     |     array    |
|input_3_2_V_q0         |  in |   20|  ap_memory |     input_3_2_V     |     array    |
|input_3_2_V_address1   | out |    6|  ap_memory |     input_3_2_V     |     array    |
|input_3_2_V_ce1        | out |    1|  ap_memory |     input_3_2_V     |     array    |
|input_3_2_V_q1         |  in |   20|  ap_memory |     input_3_2_V     |     array    |
|input_4_0_V_address0   | out |    6|  ap_memory |     input_4_0_V     |     array    |
|input_4_0_V_ce0        | out |    1|  ap_memory |     input_4_0_V     |     array    |
|input_4_0_V_q0         |  in |   20|  ap_memory |     input_4_0_V     |     array    |
|input_4_0_V_address1   | out |    6|  ap_memory |     input_4_0_V     |     array    |
|input_4_0_V_ce1        | out |    1|  ap_memory |     input_4_0_V     |     array    |
|input_4_0_V_q1         |  in |   20|  ap_memory |     input_4_0_V     |     array    |
|input_4_1_V_address0   | out |    6|  ap_memory |     input_4_1_V     |     array    |
|input_4_1_V_ce0        | out |    1|  ap_memory |     input_4_1_V     |     array    |
|input_4_1_V_q0         |  in |   20|  ap_memory |     input_4_1_V     |     array    |
|input_4_1_V_address1   | out |    6|  ap_memory |     input_4_1_V     |     array    |
|input_4_1_V_ce1        | out |    1|  ap_memory |     input_4_1_V     |     array    |
|input_4_1_V_q1         |  in |   20|  ap_memory |     input_4_1_V     |     array    |
|input_4_2_V_address0   | out |    6|  ap_memory |     input_4_2_V     |     array    |
|input_4_2_V_ce0        | out |    1|  ap_memory |     input_4_2_V     |     array    |
|input_4_2_V_q0         |  in |   20|  ap_memory |     input_4_2_V     |     array    |
|input_4_2_V_address1   | out |    6|  ap_memory |     input_4_2_V     |     array    |
|input_4_2_V_ce1        | out |    1|  ap_memory |     input_4_2_V     |     array    |
|input_4_2_V_q1         |  in |   20|  ap_memory |     input_4_2_V     |     array    |
|input_5_0_V_address0   | out |    6|  ap_memory |     input_5_0_V     |     array    |
|input_5_0_V_ce0        | out |    1|  ap_memory |     input_5_0_V     |     array    |
|input_5_0_V_q0         |  in |   20|  ap_memory |     input_5_0_V     |     array    |
|input_5_0_V_address1   | out |    6|  ap_memory |     input_5_0_V     |     array    |
|input_5_0_V_ce1        | out |    1|  ap_memory |     input_5_0_V     |     array    |
|input_5_0_V_q1         |  in |   20|  ap_memory |     input_5_0_V     |     array    |
|input_5_1_V_address0   | out |    6|  ap_memory |     input_5_1_V     |     array    |
|input_5_1_V_ce0        | out |    1|  ap_memory |     input_5_1_V     |     array    |
|input_5_1_V_q0         |  in |   20|  ap_memory |     input_5_1_V     |     array    |
|input_5_1_V_address1   | out |    6|  ap_memory |     input_5_1_V     |     array    |
|input_5_1_V_ce1        | out |    1|  ap_memory |     input_5_1_V     |     array    |
|input_5_1_V_q1         |  in |   20|  ap_memory |     input_5_1_V     |     array    |
|input_5_2_V_address0   | out |    6|  ap_memory |     input_5_2_V     |     array    |
|input_5_2_V_ce0        | out |    1|  ap_memory |     input_5_2_V     |     array    |
|input_5_2_V_q0         |  in |   20|  ap_memory |     input_5_2_V     |     array    |
|input_5_2_V_address1   | out |    6|  ap_memory |     input_5_2_V     |     array    |
|input_5_2_V_ce1        | out |    1|  ap_memory |     input_5_2_V     |     array    |
|input_5_2_V_q1         |  in |   20|  ap_memory |     input_5_2_V     |     array    |
|input_6_0_V_address0   | out |    6|  ap_memory |     input_6_0_V     |     array    |
|input_6_0_V_ce0        | out |    1|  ap_memory |     input_6_0_V     |     array    |
|input_6_0_V_q0         |  in |   20|  ap_memory |     input_6_0_V     |     array    |
|input_6_0_V_address1   | out |    6|  ap_memory |     input_6_0_V     |     array    |
|input_6_0_V_ce1        | out |    1|  ap_memory |     input_6_0_V     |     array    |
|input_6_0_V_q1         |  in |   20|  ap_memory |     input_6_0_V     |     array    |
|input_6_1_V_address0   | out |    6|  ap_memory |     input_6_1_V     |     array    |
|input_6_1_V_ce0        | out |    1|  ap_memory |     input_6_1_V     |     array    |
|input_6_1_V_q0         |  in |   20|  ap_memory |     input_6_1_V     |     array    |
|input_6_1_V_address1   | out |    6|  ap_memory |     input_6_1_V     |     array    |
|input_6_1_V_ce1        | out |    1|  ap_memory |     input_6_1_V     |     array    |
|input_6_1_V_q1         |  in |   20|  ap_memory |     input_6_1_V     |     array    |
|input_6_2_V_address0   | out |    6|  ap_memory |     input_6_2_V     |     array    |
|input_6_2_V_ce0        | out |    1|  ap_memory |     input_6_2_V     |     array    |
|input_6_2_V_q0         |  in |   20|  ap_memory |     input_6_2_V     |     array    |
|input_6_2_V_address1   | out |    6|  ap_memory |     input_6_2_V     |     array    |
|input_6_2_V_ce1        | out |    1|  ap_memory |     input_6_2_V     |     array    |
|input_6_2_V_q1         |  in |   20|  ap_memory |     input_6_2_V     |     array    |
|input_7_0_V_address0   | out |    6|  ap_memory |     input_7_0_V     |     array    |
|input_7_0_V_ce0        | out |    1|  ap_memory |     input_7_0_V     |     array    |
|input_7_0_V_q0         |  in |   20|  ap_memory |     input_7_0_V     |     array    |
|input_7_0_V_address1   | out |    6|  ap_memory |     input_7_0_V     |     array    |
|input_7_0_V_ce1        | out |    1|  ap_memory |     input_7_0_V     |     array    |
|input_7_0_V_q1         |  in |   20|  ap_memory |     input_7_0_V     |     array    |
|input_7_1_V_address0   | out |    6|  ap_memory |     input_7_1_V     |     array    |
|input_7_1_V_ce0        | out |    1|  ap_memory |     input_7_1_V     |     array    |
|input_7_1_V_q0         |  in |   20|  ap_memory |     input_7_1_V     |     array    |
|input_7_1_V_address1   | out |    6|  ap_memory |     input_7_1_V     |     array    |
|input_7_1_V_ce1        | out |    1|  ap_memory |     input_7_1_V     |     array    |
|input_7_1_V_q1         |  in |   20|  ap_memory |     input_7_1_V     |     array    |
|input_7_2_V_address0   | out |    6|  ap_memory |     input_7_2_V     |     array    |
|input_7_2_V_ce0        | out |    1|  ap_memory |     input_7_2_V     |     array    |
|input_7_2_V_q0         |  in |   20|  ap_memory |     input_7_2_V     |     array    |
|input_7_2_V_address1   | out |    6|  ap_memory |     input_7_2_V     |     array    |
|input_7_2_V_ce1        | out |    1|  ap_memory |     input_7_2_V     |     array    |
|input_7_2_V_q1         |  in |   20|  ap_memory |     input_7_2_V     |     array    |
|input_8_0_V_address0   | out |    6|  ap_memory |     input_8_0_V     |     array    |
|input_8_0_V_ce0        | out |    1|  ap_memory |     input_8_0_V     |     array    |
|input_8_0_V_q0         |  in |   20|  ap_memory |     input_8_0_V     |     array    |
|input_8_0_V_address1   | out |    6|  ap_memory |     input_8_0_V     |     array    |
|input_8_0_V_ce1        | out |    1|  ap_memory |     input_8_0_V     |     array    |
|input_8_0_V_q1         |  in |   20|  ap_memory |     input_8_0_V     |     array    |
|input_8_1_V_address0   | out |    6|  ap_memory |     input_8_1_V     |     array    |
|input_8_1_V_ce0        | out |    1|  ap_memory |     input_8_1_V     |     array    |
|input_8_1_V_q0         |  in |   20|  ap_memory |     input_8_1_V     |     array    |
|input_8_1_V_address1   | out |    6|  ap_memory |     input_8_1_V     |     array    |
|input_8_1_V_ce1        | out |    1|  ap_memory |     input_8_1_V     |     array    |
|input_8_1_V_q1         |  in |   20|  ap_memory |     input_8_1_V     |     array    |
|input_8_2_V_address0   | out |    6|  ap_memory |     input_8_2_V     |     array    |
|input_8_2_V_ce0        | out |    1|  ap_memory |     input_8_2_V     |     array    |
|input_8_2_V_q0         |  in |   20|  ap_memory |     input_8_2_V     |     array    |
|input_8_2_V_address1   | out |    6|  ap_memory |     input_8_2_V     |     array    |
|input_8_2_V_ce1        | out |    1|  ap_memory |     input_8_2_V     |     array    |
|input_8_2_V_q1         |  in |   20|  ap_memory |     input_8_2_V     |     array    |
|input_9_0_V_address0   | out |    6|  ap_memory |     input_9_0_V     |     array    |
|input_9_0_V_ce0        | out |    1|  ap_memory |     input_9_0_V     |     array    |
|input_9_0_V_q0         |  in |   20|  ap_memory |     input_9_0_V     |     array    |
|input_9_0_V_address1   | out |    6|  ap_memory |     input_9_0_V     |     array    |
|input_9_0_V_ce1        | out |    1|  ap_memory |     input_9_0_V     |     array    |
|input_9_0_V_q1         |  in |   20|  ap_memory |     input_9_0_V     |     array    |
|input_9_1_V_address0   | out |    6|  ap_memory |     input_9_1_V     |     array    |
|input_9_1_V_ce0        | out |    1|  ap_memory |     input_9_1_V     |     array    |
|input_9_1_V_q0         |  in |   20|  ap_memory |     input_9_1_V     |     array    |
|input_9_1_V_address1   | out |    6|  ap_memory |     input_9_1_V     |     array    |
|input_9_1_V_ce1        | out |    1|  ap_memory |     input_9_1_V     |     array    |
|input_9_1_V_q1         |  in |   20|  ap_memory |     input_9_1_V     |     array    |
|input_9_2_V_address0   | out |    6|  ap_memory |     input_9_2_V     |     array    |
|input_9_2_V_ce0        | out |    1|  ap_memory |     input_9_2_V     |     array    |
|input_9_2_V_q0         |  in |   20|  ap_memory |     input_9_2_V     |     array    |
|input_9_2_V_address1   | out |    6|  ap_memory |     input_9_2_V     |     array    |
|input_9_2_V_ce1        | out |    1|  ap_memory |     input_9_2_V     |     array    |
|input_9_2_V_q1         |  in |   20|  ap_memory |     input_9_2_V     |     array    |
|output_0_0_V_address0  | out |    8|  ap_memory |     output_0_0_V    |     array    |
|output_0_0_V_ce0       | out |    1|  ap_memory |     output_0_0_V    |     array    |
|output_0_0_V_we0       | out |    1|  ap_memory |     output_0_0_V    |     array    |
|output_0_0_V_d0        | out |   20|  ap_memory |     output_0_0_V    |     array    |
|output_0_0_V_address1  | out |    8|  ap_memory |     output_0_0_V    |     array    |
|output_0_0_V_ce1       | out |    1|  ap_memory |     output_0_0_V    |     array    |
|output_0_0_V_we1       | out |    1|  ap_memory |     output_0_0_V    |     array    |
|output_0_0_V_d1        | out |   20|  ap_memory |     output_0_0_V    |     array    |
|output_0_1_V_address0  | out |    8|  ap_memory |     output_0_1_V    |     array    |
|output_0_1_V_ce0       | out |    1|  ap_memory |     output_0_1_V    |     array    |
|output_0_1_V_we0       | out |    1|  ap_memory |     output_0_1_V    |     array    |
|output_0_1_V_d0        | out |   20|  ap_memory |     output_0_1_V    |     array    |
|output_0_1_V_address1  | out |    8|  ap_memory |     output_0_1_V    |     array    |
|output_0_1_V_ce1       | out |    1|  ap_memory |     output_0_1_V    |     array    |
|output_0_1_V_we1       | out |    1|  ap_memory |     output_0_1_V    |     array    |
|output_0_1_V_d1        | out |   20|  ap_memory |     output_0_1_V    |     array    |
|output_0_2_V_address0  | out |    8|  ap_memory |     output_0_2_V    |     array    |
|output_0_2_V_ce0       | out |    1|  ap_memory |     output_0_2_V    |     array    |
|output_0_2_V_we0       | out |    1|  ap_memory |     output_0_2_V    |     array    |
|output_0_2_V_d0        | out |   20|  ap_memory |     output_0_2_V    |     array    |
|output_0_2_V_address1  | out |    8|  ap_memory |     output_0_2_V    |     array    |
|output_0_2_V_ce1       | out |    1|  ap_memory |     output_0_2_V    |     array    |
|output_0_2_V_we1       | out |    1|  ap_memory |     output_0_2_V    |     array    |
|output_0_2_V_d1        | out |   20|  ap_memory |     output_0_2_V    |     array    |
|output_1_0_V_address0  | out |    8|  ap_memory |     output_1_0_V    |     array    |
|output_1_0_V_ce0       | out |    1|  ap_memory |     output_1_0_V    |     array    |
|output_1_0_V_we0       | out |    1|  ap_memory |     output_1_0_V    |     array    |
|output_1_0_V_d0        | out |   20|  ap_memory |     output_1_0_V    |     array    |
|output_1_0_V_address1  | out |    8|  ap_memory |     output_1_0_V    |     array    |
|output_1_0_V_ce1       | out |    1|  ap_memory |     output_1_0_V    |     array    |
|output_1_0_V_we1       | out |    1|  ap_memory |     output_1_0_V    |     array    |
|output_1_0_V_d1        | out |   20|  ap_memory |     output_1_0_V    |     array    |
|output_1_1_V_address0  | out |    8|  ap_memory |     output_1_1_V    |     array    |
|output_1_1_V_ce0       | out |    1|  ap_memory |     output_1_1_V    |     array    |
|output_1_1_V_we0       | out |    1|  ap_memory |     output_1_1_V    |     array    |
|output_1_1_V_d0        | out |   20|  ap_memory |     output_1_1_V    |     array    |
|output_1_1_V_address1  | out |    8|  ap_memory |     output_1_1_V    |     array    |
|output_1_1_V_ce1       | out |    1|  ap_memory |     output_1_1_V    |     array    |
|output_1_1_V_we1       | out |    1|  ap_memory |     output_1_1_V    |     array    |
|output_1_1_V_d1        | out |   20|  ap_memory |     output_1_1_V    |     array    |
|output_1_2_V_address0  | out |    8|  ap_memory |     output_1_2_V    |     array    |
|output_1_2_V_ce0       | out |    1|  ap_memory |     output_1_2_V    |     array    |
|output_1_2_V_we0       | out |    1|  ap_memory |     output_1_2_V    |     array    |
|output_1_2_V_d0        | out |   20|  ap_memory |     output_1_2_V    |     array    |
|output_1_2_V_address1  | out |    8|  ap_memory |     output_1_2_V    |     array    |
|output_1_2_V_ce1       | out |    1|  ap_memory |     output_1_2_V    |     array    |
|output_1_2_V_we1       | out |    1|  ap_memory |     output_1_2_V    |     array    |
|output_1_2_V_d1        | out |   20|  ap_memory |     output_1_2_V    |     array    |
|output_2_0_V_address0  | out |    8|  ap_memory |     output_2_0_V    |     array    |
|output_2_0_V_ce0       | out |    1|  ap_memory |     output_2_0_V    |     array    |
|output_2_0_V_we0       | out |    1|  ap_memory |     output_2_0_V    |     array    |
|output_2_0_V_d0        | out |   20|  ap_memory |     output_2_0_V    |     array    |
|output_2_0_V_address1  | out |    8|  ap_memory |     output_2_0_V    |     array    |
|output_2_0_V_ce1       | out |    1|  ap_memory |     output_2_0_V    |     array    |
|output_2_0_V_we1       | out |    1|  ap_memory |     output_2_0_V    |     array    |
|output_2_0_V_d1        | out |   20|  ap_memory |     output_2_0_V    |     array    |
|output_2_1_V_address0  | out |    8|  ap_memory |     output_2_1_V    |     array    |
|output_2_1_V_ce0       | out |    1|  ap_memory |     output_2_1_V    |     array    |
|output_2_1_V_we0       | out |    1|  ap_memory |     output_2_1_V    |     array    |
|output_2_1_V_d0        | out |   20|  ap_memory |     output_2_1_V    |     array    |
|output_2_1_V_address1  | out |    8|  ap_memory |     output_2_1_V    |     array    |
|output_2_1_V_ce1       | out |    1|  ap_memory |     output_2_1_V    |     array    |
|output_2_1_V_we1       | out |    1|  ap_memory |     output_2_1_V    |     array    |
|output_2_1_V_d1        | out |   20|  ap_memory |     output_2_1_V    |     array    |
|output_2_2_V_address0  | out |    8|  ap_memory |     output_2_2_V    |     array    |
|output_2_2_V_ce0       | out |    1|  ap_memory |     output_2_2_V    |     array    |
|output_2_2_V_we0       | out |    1|  ap_memory |     output_2_2_V    |     array    |
|output_2_2_V_d0        | out |   20|  ap_memory |     output_2_2_V    |     array    |
|output_2_2_V_address1  | out |    8|  ap_memory |     output_2_2_V    |     array    |
|output_2_2_V_ce1       | out |    1|  ap_memory |     output_2_2_V    |     array    |
|output_2_2_V_we1       | out |    1|  ap_memory |     output_2_2_V    |     array    |
|output_2_2_V_d1        | out |   20|  ap_memory |     output_2_2_V    |     array    |
|output_3_0_V_address0  | out |    8|  ap_memory |     output_3_0_V    |     array    |
|output_3_0_V_ce0       | out |    1|  ap_memory |     output_3_0_V    |     array    |
|output_3_0_V_we0       | out |    1|  ap_memory |     output_3_0_V    |     array    |
|output_3_0_V_d0        | out |   20|  ap_memory |     output_3_0_V    |     array    |
|output_3_0_V_address1  | out |    8|  ap_memory |     output_3_0_V    |     array    |
|output_3_0_V_ce1       | out |    1|  ap_memory |     output_3_0_V    |     array    |
|output_3_0_V_we1       | out |    1|  ap_memory |     output_3_0_V    |     array    |
|output_3_0_V_d1        | out |   20|  ap_memory |     output_3_0_V    |     array    |
|output_3_1_V_address0  | out |    8|  ap_memory |     output_3_1_V    |     array    |
|output_3_1_V_ce0       | out |    1|  ap_memory |     output_3_1_V    |     array    |
|output_3_1_V_we0       | out |    1|  ap_memory |     output_3_1_V    |     array    |
|output_3_1_V_d0        | out |   20|  ap_memory |     output_3_1_V    |     array    |
|output_3_1_V_address1  | out |    8|  ap_memory |     output_3_1_V    |     array    |
|output_3_1_V_ce1       | out |    1|  ap_memory |     output_3_1_V    |     array    |
|output_3_1_V_we1       | out |    1|  ap_memory |     output_3_1_V    |     array    |
|output_3_1_V_d1        | out |   20|  ap_memory |     output_3_1_V    |     array    |
|output_3_2_V_address0  | out |    8|  ap_memory |     output_3_2_V    |     array    |
|output_3_2_V_ce0       | out |    1|  ap_memory |     output_3_2_V    |     array    |
|output_3_2_V_we0       | out |    1|  ap_memory |     output_3_2_V    |     array    |
|output_3_2_V_d0        | out |   20|  ap_memory |     output_3_2_V    |     array    |
|output_3_2_V_address1  | out |    8|  ap_memory |     output_3_2_V    |     array    |
|output_3_2_V_ce1       | out |    1|  ap_memory |     output_3_2_V    |     array    |
|output_3_2_V_we1       | out |    1|  ap_memory |     output_3_2_V    |     array    |
|output_3_2_V_d1        | out |   20|  ap_memory |     output_3_2_V    |     array    |
|output_4_0_V_address0  | out |    8|  ap_memory |     output_4_0_V    |     array    |
|output_4_0_V_ce0       | out |    1|  ap_memory |     output_4_0_V    |     array    |
|output_4_0_V_we0       | out |    1|  ap_memory |     output_4_0_V    |     array    |
|output_4_0_V_d0        | out |   20|  ap_memory |     output_4_0_V    |     array    |
|output_4_0_V_address1  | out |    8|  ap_memory |     output_4_0_V    |     array    |
|output_4_0_V_ce1       | out |    1|  ap_memory |     output_4_0_V    |     array    |
|output_4_0_V_we1       | out |    1|  ap_memory |     output_4_0_V    |     array    |
|output_4_0_V_d1        | out |   20|  ap_memory |     output_4_0_V    |     array    |
|output_4_1_V_address0  | out |    8|  ap_memory |     output_4_1_V    |     array    |
|output_4_1_V_ce0       | out |    1|  ap_memory |     output_4_1_V    |     array    |
|output_4_1_V_we0       | out |    1|  ap_memory |     output_4_1_V    |     array    |
|output_4_1_V_d0        | out |   20|  ap_memory |     output_4_1_V    |     array    |
|output_4_1_V_address1  | out |    8|  ap_memory |     output_4_1_V    |     array    |
|output_4_1_V_ce1       | out |    1|  ap_memory |     output_4_1_V    |     array    |
|output_4_1_V_we1       | out |    1|  ap_memory |     output_4_1_V    |     array    |
|output_4_1_V_d1        | out |   20|  ap_memory |     output_4_1_V    |     array    |
|output_4_2_V_address0  | out |    8|  ap_memory |     output_4_2_V    |     array    |
|output_4_2_V_ce0       | out |    1|  ap_memory |     output_4_2_V    |     array    |
|output_4_2_V_we0       | out |    1|  ap_memory |     output_4_2_V    |     array    |
|output_4_2_V_d0        | out |   20|  ap_memory |     output_4_2_V    |     array    |
|output_4_2_V_address1  | out |    8|  ap_memory |     output_4_2_V    |     array    |
|output_4_2_V_ce1       | out |    1|  ap_memory |     output_4_2_V    |     array    |
|output_4_2_V_we1       | out |    1|  ap_memory |     output_4_2_V    |     array    |
|output_4_2_V_d1        | out |   20|  ap_memory |     output_4_2_V    |     array    |
|output_5_0_V_address0  | out |    8|  ap_memory |     output_5_0_V    |     array    |
|output_5_0_V_ce0       | out |    1|  ap_memory |     output_5_0_V    |     array    |
|output_5_0_V_we0       | out |    1|  ap_memory |     output_5_0_V    |     array    |
|output_5_0_V_d0        | out |   20|  ap_memory |     output_5_0_V    |     array    |
|output_5_0_V_address1  | out |    8|  ap_memory |     output_5_0_V    |     array    |
|output_5_0_V_ce1       | out |    1|  ap_memory |     output_5_0_V    |     array    |
|output_5_0_V_we1       | out |    1|  ap_memory |     output_5_0_V    |     array    |
|output_5_0_V_d1        | out |   20|  ap_memory |     output_5_0_V    |     array    |
|output_5_1_V_address0  | out |    8|  ap_memory |     output_5_1_V    |     array    |
|output_5_1_V_ce0       | out |    1|  ap_memory |     output_5_1_V    |     array    |
|output_5_1_V_we0       | out |    1|  ap_memory |     output_5_1_V    |     array    |
|output_5_1_V_d0        | out |   20|  ap_memory |     output_5_1_V    |     array    |
|output_5_1_V_address1  | out |    8|  ap_memory |     output_5_1_V    |     array    |
|output_5_1_V_ce1       | out |    1|  ap_memory |     output_5_1_V    |     array    |
|output_5_1_V_we1       | out |    1|  ap_memory |     output_5_1_V    |     array    |
|output_5_1_V_d1        | out |   20|  ap_memory |     output_5_1_V    |     array    |
|output_5_2_V_address0  | out |    8|  ap_memory |     output_5_2_V    |     array    |
|output_5_2_V_ce0       | out |    1|  ap_memory |     output_5_2_V    |     array    |
|output_5_2_V_we0       | out |    1|  ap_memory |     output_5_2_V    |     array    |
|output_5_2_V_d0        | out |   20|  ap_memory |     output_5_2_V    |     array    |
|output_5_2_V_address1  | out |    8|  ap_memory |     output_5_2_V    |     array    |
|output_5_2_V_ce1       | out |    1|  ap_memory |     output_5_2_V    |     array    |
|output_5_2_V_we1       | out |    1|  ap_memory |     output_5_2_V    |     array    |
|output_5_2_V_d1        | out |   20|  ap_memory |     output_5_2_V    |     array    |
|output_6_0_V_address0  | out |    8|  ap_memory |     output_6_0_V    |     array    |
|output_6_0_V_ce0       | out |    1|  ap_memory |     output_6_0_V    |     array    |
|output_6_0_V_we0       | out |    1|  ap_memory |     output_6_0_V    |     array    |
|output_6_0_V_d0        | out |   20|  ap_memory |     output_6_0_V    |     array    |
|output_6_0_V_address1  | out |    8|  ap_memory |     output_6_0_V    |     array    |
|output_6_0_V_ce1       | out |    1|  ap_memory |     output_6_0_V    |     array    |
|output_6_0_V_we1       | out |    1|  ap_memory |     output_6_0_V    |     array    |
|output_6_0_V_d1        | out |   20|  ap_memory |     output_6_0_V    |     array    |
|output_6_1_V_address0  | out |    8|  ap_memory |     output_6_1_V    |     array    |
|output_6_1_V_ce0       | out |    1|  ap_memory |     output_6_1_V    |     array    |
|output_6_1_V_we0       | out |    1|  ap_memory |     output_6_1_V    |     array    |
|output_6_1_V_d0        | out |   20|  ap_memory |     output_6_1_V    |     array    |
|output_6_1_V_address1  | out |    8|  ap_memory |     output_6_1_V    |     array    |
|output_6_1_V_ce1       | out |    1|  ap_memory |     output_6_1_V    |     array    |
|output_6_1_V_we1       | out |    1|  ap_memory |     output_6_1_V    |     array    |
|output_6_1_V_d1        | out |   20|  ap_memory |     output_6_1_V    |     array    |
|output_6_2_V_address0  | out |    8|  ap_memory |     output_6_2_V    |     array    |
|output_6_2_V_ce0       | out |    1|  ap_memory |     output_6_2_V    |     array    |
|output_6_2_V_we0       | out |    1|  ap_memory |     output_6_2_V    |     array    |
|output_6_2_V_d0        | out |   20|  ap_memory |     output_6_2_V    |     array    |
|output_6_2_V_address1  | out |    8|  ap_memory |     output_6_2_V    |     array    |
|output_6_2_V_ce1       | out |    1|  ap_memory |     output_6_2_V    |     array    |
|output_6_2_V_we1       | out |    1|  ap_memory |     output_6_2_V    |     array    |
|output_6_2_V_d1        | out |   20|  ap_memory |     output_6_2_V    |     array    |
|output_7_0_V_address0  | out |    8|  ap_memory |     output_7_0_V    |     array    |
|output_7_0_V_ce0       | out |    1|  ap_memory |     output_7_0_V    |     array    |
|output_7_0_V_we0       | out |    1|  ap_memory |     output_7_0_V    |     array    |
|output_7_0_V_d0        | out |   20|  ap_memory |     output_7_0_V    |     array    |
|output_7_0_V_address1  | out |    8|  ap_memory |     output_7_0_V    |     array    |
|output_7_0_V_ce1       | out |    1|  ap_memory |     output_7_0_V    |     array    |
|output_7_0_V_we1       | out |    1|  ap_memory |     output_7_0_V    |     array    |
|output_7_0_V_d1        | out |   20|  ap_memory |     output_7_0_V    |     array    |
|output_7_1_V_address0  | out |    8|  ap_memory |     output_7_1_V    |     array    |
|output_7_1_V_ce0       | out |    1|  ap_memory |     output_7_1_V    |     array    |
|output_7_1_V_we0       | out |    1|  ap_memory |     output_7_1_V    |     array    |
|output_7_1_V_d0        | out |   20|  ap_memory |     output_7_1_V    |     array    |
|output_7_1_V_address1  | out |    8|  ap_memory |     output_7_1_V    |     array    |
|output_7_1_V_ce1       | out |    1|  ap_memory |     output_7_1_V    |     array    |
|output_7_1_V_we1       | out |    1|  ap_memory |     output_7_1_V    |     array    |
|output_7_1_V_d1        | out |   20|  ap_memory |     output_7_1_V    |     array    |
|output_7_2_V_address0  | out |    8|  ap_memory |     output_7_2_V    |     array    |
|output_7_2_V_ce0       | out |    1|  ap_memory |     output_7_2_V    |     array    |
|output_7_2_V_we0       | out |    1|  ap_memory |     output_7_2_V    |     array    |
|output_7_2_V_d0        | out |   20|  ap_memory |     output_7_2_V    |     array    |
|output_7_2_V_address1  | out |    8|  ap_memory |     output_7_2_V    |     array    |
|output_7_2_V_ce1       | out |    1|  ap_memory |     output_7_2_V    |     array    |
|output_7_2_V_we1       | out |    1|  ap_memory |     output_7_2_V    |     array    |
|output_7_2_V_d1        | out |   20|  ap_memory |     output_7_2_V    |     array    |
|output_8_0_V_address0  | out |    8|  ap_memory |     output_8_0_V    |     array    |
|output_8_0_V_ce0       | out |    1|  ap_memory |     output_8_0_V    |     array    |
|output_8_0_V_we0       | out |    1|  ap_memory |     output_8_0_V    |     array    |
|output_8_0_V_d0        | out |   20|  ap_memory |     output_8_0_V    |     array    |
|output_8_0_V_address1  | out |    8|  ap_memory |     output_8_0_V    |     array    |
|output_8_0_V_ce1       | out |    1|  ap_memory |     output_8_0_V    |     array    |
|output_8_0_V_we1       | out |    1|  ap_memory |     output_8_0_V    |     array    |
|output_8_0_V_d1        | out |   20|  ap_memory |     output_8_0_V    |     array    |
|output_8_1_V_address0  | out |    8|  ap_memory |     output_8_1_V    |     array    |
|output_8_1_V_ce0       | out |    1|  ap_memory |     output_8_1_V    |     array    |
|output_8_1_V_we0       | out |    1|  ap_memory |     output_8_1_V    |     array    |
|output_8_1_V_d0        | out |   20|  ap_memory |     output_8_1_V    |     array    |
|output_8_1_V_address1  | out |    8|  ap_memory |     output_8_1_V    |     array    |
|output_8_1_V_ce1       | out |    1|  ap_memory |     output_8_1_V    |     array    |
|output_8_1_V_we1       | out |    1|  ap_memory |     output_8_1_V    |     array    |
|output_8_1_V_d1        | out |   20|  ap_memory |     output_8_1_V    |     array    |
|output_8_2_V_address0  | out |    8|  ap_memory |     output_8_2_V    |     array    |
|output_8_2_V_ce0       | out |    1|  ap_memory |     output_8_2_V    |     array    |
|output_8_2_V_we0       | out |    1|  ap_memory |     output_8_2_V    |     array    |
|output_8_2_V_d0        | out |   20|  ap_memory |     output_8_2_V    |     array    |
|output_8_2_V_address1  | out |    8|  ap_memory |     output_8_2_V    |     array    |
|output_8_2_V_ce1       | out |    1|  ap_memory |     output_8_2_V    |     array    |
|output_8_2_V_we1       | out |    1|  ap_memory |     output_8_2_V    |     array    |
|output_8_2_V_d1        | out |   20|  ap_memory |     output_8_2_V    |     array    |
|output_9_0_V_address0  | out |    8|  ap_memory |     output_9_0_V    |     array    |
|output_9_0_V_ce0       | out |    1|  ap_memory |     output_9_0_V    |     array    |
|output_9_0_V_we0       | out |    1|  ap_memory |     output_9_0_V    |     array    |
|output_9_0_V_d0        | out |   20|  ap_memory |     output_9_0_V    |     array    |
|output_9_0_V_address1  | out |    8|  ap_memory |     output_9_0_V    |     array    |
|output_9_0_V_ce1       | out |    1|  ap_memory |     output_9_0_V    |     array    |
|output_9_0_V_we1       | out |    1|  ap_memory |     output_9_0_V    |     array    |
|output_9_0_V_d1        | out |   20|  ap_memory |     output_9_0_V    |     array    |
|output_9_1_V_address0  | out |    8|  ap_memory |     output_9_1_V    |     array    |
|output_9_1_V_ce0       | out |    1|  ap_memory |     output_9_1_V    |     array    |
|output_9_1_V_we0       | out |    1|  ap_memory |     output_9_1_V    |     array    |
|output_9_1_V_d0        | out |   20|  ap_memory |     output_9_1_V    |     array    |
|output_9_1_V_address1  | out |    8|  ap_memory |     output_9_1_V    |     array    |
|output_9_1_V_ce1       | out |    1|  ap_memory |     output_9_1_V    |     array    |
|output_9_1_V_we1       | out |    1|  ap_memory |     output_9_1_V    |     array    |
|output_9_1_V_d1        | out |   20|  ap_memory |     output_9_1_V    |     array    |
|output_9_2_V_address0  | out |    8|  ap_memory |     output_9_2_V    |     array    |
|output_9_2_V_ce0       | out |    1|  ap_memory |     output_9_2_V    |     array    |
|output_9_2_V_we0       | out |    1|  ap_memory |     output_9_2_V    |     array    |
|output_9_2_V_d0        | out |   20|  ap_memory |     output_9_2_V    |     array    |
|output_9_2_V_address1  | out |    8|  ap_memory |     output_9_2_V    |     array    |
|output_9_2_V_ce1       | out |    1|  ap_memory |     output_9_2_V    |     array    |
|output_9_2_V_we1       | out |    1|  ap_memory |     output_9_2_V    |     array    |
|output_9_2_V_d1        | out |   20|  ap_memory |     output_9_2_V    |     array    |
+-----------------------+-----+-----+------------+---------------------+--------------+

